Archive member included to satisfy reference by file (symbol)

C:/MaximSDK/Libraries/PeriphDrivers/bin/MAX78000/spi-v1_softfp/libPeriphDriver_spi-v1_softfp.a(mxc_delay.o)
                              c:/MaximSDK/Examples/MAX78000/CNN/adult_vs_kids/adult-kids/build/main.o (MXC_Delay)
C:/MaximSDK/Libraries/PeriphDrivers/bin/MAX78000/spi-v1_softfp/libPeriphDriver_spi-v1_softfp.a(nvic_table.o)
                              c:/MaximSDK/Examples/MAX78000/CNN/adult_vs_kids/adult-kids/build/cnn.o (MXC_NVIC_SetVector)
C:/MaximSDK/Libraries/PeriphDrivers/bin/MAX78000/spi-v1_softfp/libPeriphDriver_spi-v1_softfp.a(pins_ai85.o)
                              c:/MaximSDK/Examples/MAX78000/CNN/adult_vs_kids/adult-kids/build/camera.o (gpio_cfg_pcif_xclk)
C:/MaximSDK/Libraries/PeriphDrivers/bin/MAX78000/spi-v1_softfp/libPeriphDriver_spi-v1_softfp.a(sys_ai85.o)
                              c:/MaximSDK/Examples/MAX78000/CNN/adult_vs_kids/adult-kids/build/cnn.o (MXC_SYS_ClockDisable)
C:/MaximSDK/Libraries/PeriphDrivers/bin/MAX78000/spi-v1_softfp/libPeriphDriver_spi-v1_softfp.a(aes_me17.o)
                              C:/MaximSDK/Libraries/PeriphDrivers/bin/MAX78000/spi-v1_softfp/libPeriphDriver_spi-v1_softfp.a(sys_ai85.o) (MXC_AES_Init)
C:/MaximSDK/Libraries/PeriphDrivers/bin/MAX78000/spi-v1_softfp/libPeriphDriver_spi-v1_softfp.a(aes_revb.o)
                              C:/MaximSDK/Libraries/PeriphDrivers/bin/MAX78000/spi-v1_softfp/libPeriphDriver_spi-v1_softfp.a(aes_me17.o) (MXC_AES_RevB_Init)
C:/MaximSDK/Libraries/PeriphDrivers/bin/MAX78000/spi-v1_softfp/libPeriphDriver_spi-v1_softfp.a(cameraif_ai85.o)
                              c:/MaximSDK/Examples/MAX78000/CNN/adult_vs_kids/adult-kids/build/camera.o (MXC_PCIF_Init)
C:/MaximSDK/Libraries/PeriphDrivers/bin/MAX78000/spi-v1_softfp/libPeriphDriver_spi-v1_softfp.a(cameraif_reva.o)
                              C:/MaximSDK/Libraries/PeriphDrivers/bin/MAX78000/spi-v1_softfp/libPeriphDriver_spi-v1_softfp.a(cameraif_ai85.o) (MXC_PCIF_RevA_SetDatawidth)
C:/MaximSDK/Libraries/PeriphDrivers/bin/MAX78000/spi-v1_softfp/libPeriphDriver_spi-v1_softfp.a(dma_me17.o)
                              C:/MaximSDK/Libraries/PeriphDrivers/bin/MAX78000/spi-v1_softfp/libPeriphDriver_spi-v1_softfp.a(aes_revb.o) (MXC_DMA_Init)
C:/MaximSDK/Libraries/PeriphDrivers/bin/MAX78000/spi-v1_softfp/libPeriphDriver_spi-v1_softfp.a(dma_reva.o)
                              C:/MaximSDK/Libraries/PeriphDrivers/bin/MAX78000/spi-v1_softfp/libPeriphDriver_spi-v1_softfp.a(dma_me17.o) (MXC_DMA_RevA_Init)
C:/MaximSDK/Libraries/PeriphDrivers/bin/MAX78000/spi-v1_softfp/libPeriphDriver_spi-v1_softfp.a(flc_me17.o)
                              C:/MaximSDK/Libraries/PeriphDrivers/bin/MAX78000/spi-v1_softfp/libPeriphDriver_spi-v1_softfp.a(sys_ai85.o) (MXC_FLC_UnlockInfoBlock)
C:/MaximSDK/Libraries/PeriphDrivers/bin/MAX78000/spi-v1_softfp/libPeriphDriver_spi-v1_softfp.a(flc_reva.o)
                              C:/MaximSDK/Libraries/PeriphDrivers/bin/MAX78000/spi-v1_softfp/libPeriphDriver_spi-v1_softfp.a(flc_me17.o) (MXC_FLC_RevA_Busy)
C:/MaximSDK/Libraries/PeriphDrivers/bin/MAX78000/spi-v1_softfp/libPeriphDriver_spi-v1_softfp.a(gpio_ai85.o)
                              c:/MaximSDK/Examples/MAX78000/CNN/adult_vs_kids/adult-kids/build/cnn.o (MXC_GPIO_Config)
C:/MaximSDK/Libraries/PeriphDrivers/bin/MAX78000/spi-v1_softfp/libPeriphDriver_spi-v1_softfp.a(gpio_reva.o)
                              C:/MaximSDK/Libraries/PeriphDrivers/bin/MAX78000/spi-v1_softfp/libPeriphDriver_spi-v1_softfp.a(gpio_ai85.o) (MXC_GPIO_RevA_InGet)
C:/MaximSDK/Libraries/PeriphDrivers/bin/MAX78000/spi-v1_softfp/libPeriphDriver_spi-v1_softfp.a(icc_me17.o)
                              c:/MaximSDK/Examples/MAX78000/CNN/adult_vs_kids/adult-kids/build/main.o (MXC_ICC_Enable)
C:/MaximSDK/Libraries/PeriphDrivers/bin/MAX78000/spi-v1_softfp/libPeriphDriver_spi-v1_softfp.a(icc_reva.o)
                              C:/MaximSDK/Libraries/PeriphDrivers/bin/MAX78000/spi-v1_softfp/libPeriphDriver_spi-v1_softfp.a(icc_me17.o) (MXC_ICC_RevA_ID)
C:/MaximSDK/Libraries/PeriphDrivers/bin/MAX78000/spi-v1_softfp/libPeriphDriver_spi-v1_softfp.a(lp_ai85.o)
                              c:/MaximSDK/Examples/MAX78000/CNN/adult_vs_kids/adult-kids/build/main.o (MXC_LP_EnterSleepMode)
C:/MaximSDK/Libraries/PeriphDrivers/bin/MAX78000/spi-v1_softfp/libPeriphDriver_spi-v1_softfp.a(pt_ai85.o)
                              c:/MaximSDK/Examples/MAX78000/CNN/adult_vs_kids/adult-kids/build/camera.o (MXC_PT_Init)
C:/MaximSDK/Libraries/PeriphDrivers/bin/MAX78000/spi-v1_softfp/libPeriphDriver_spi-v1_softfp.a(pt_reva.o)
                              C:/MaximSDK/Libraries/PeriphDrivers/bin/MAX78000/spi-v1_softfp/libPeriphDriver_spi-v1_softfp.a(pt_ai85.o) (MXC_PT_RevA_Init)
C:/MaximSDK/Libraries/PeriphDrivers/bin/MAX78000/spi-v1_softfp/libPeriphDriver_spi-v1_softfp.a(spi_me17.o)
                              c:/MaximSDK/Examples/MAX78000/CNN/adult_vs_kids/adult-kids/build/board.o (MXC_SPI_Init)
[...]
Memory Configuration

Name             Origin             Length             Attributes
ROM              0x00000000         0x00010000         xr
FLASH            0x10000000         0x00080000         xr
SRAM             0x20000000         0x00020000         xrw
*default*        0x00000000         0xffffffff

Linker script and memory map

LOAD c:/maximsdk/tools/gnutools/10.3/bin/../lib/gcc/arm-none-eabi/10.3.1/thumb/v7e-m+fp/softfp/crti.o
LOAD c:/maximsdk/tools/gnutools/10.3/bin/../lib/gcc/arm-none-eabi/10.3.1/thumb/v7e-m+fp/softfp/crtbegin.o
LOAD c:/maximsdk/tools/gnutools/10.3/bin/../lib/gcc/arm-none-eabi/10.3.1/../../../../arm-none-eabi/lib/thumb/v7e-m+fp/softfp/crt0.o
LOAD c:/MaximSDK/Examples/MAX78000/CNN/adult_vs_kids/adult-kids/build/cnn.o
LOAD c:/MaximSDK/Examples/MAX78000/CNN/adult_vs_kids/adult-kids/build/main.o
LOAD c:/MaximSDK/Examples/MAX78000/CNN/adult_vs_kids/adult-kids/build/softmax.o
LOAD c:/MaximSDK/Examples/MAX78000/CNN/adult_vs_kids/adult-kids/build/board.o
LOAD c:/MaximSDK/Examples/MAX78000/CNN/adult_vs_kids/adult-kids/build/stdio.o
LOAD c:/MaximSDK/Examples/MAX78000/CNN/adult_vs_kids/adult-kids/build/led.o
LOAD c:/MaximSDK/Examples/MAX78000/CNN/adult_vs_kids/adult-kids/build/pb.o
LOAD c:/MaximSDK/Examples/MAX78000/CNN/adult_vs_kids/adult-kids/build/tft_ssd2119.o
LOAD c:/MaximSDK/Examples/MAX78000/CNN/adult_vs_kids/adult-kids/build/tsc2046.o
LOAD c:/MaximSDK/Examples/MAX78000/CNN/adult_vs_kids/adult-kids/build/camera.o
LOAD c:/MaximSDK/Examples/MAX78000/CNN/adult_vs_kids/adult-kids/build/ov7692.o
LOAD c:/MaximSDK/Examples/MAX78000/CNN/adult_vs_kids/adult-kids/build/sccb.o
LOAD c:/MaximSDK/Examples/MAX78000/CNN/adult_vs_kids/adult-kids/build/startup_max78000.o
LOAD c:/MaximSDK/Examples/MAX78000/CNN/adult_vs_kids/adult-kids/build/heap.o
LOAD c:/MaximSDK/Examples/MAX78000/CNN/adult_vs_kids/adult-kids/build/system_max78000.o
START GROUP
LOAD C:/MaximSDK/Libraries/PeriphDrivers/bin/MAX78000/spi-v1_softfp/libPeriphDriver_spi-v1_softfp.a
LOAD c:/maximsdk/tools/gnutools/10.3/bin/../lib/gcc/arm-none-eabi/10.3.1/../../../../arm-none-eabi/lib/thumb/v7e-m+fp/softfp\libc.a
LOAD c:/maximsdk/tools/gnutools/10.3/bin/../lib/gcc/arm-none-eabi/10.3.1/../../../../arm-none-eabi/lib/thumb/v7e-m+fp/softfp\libm.a
LOAD c:/maximsdk/tools/gnutools/10.3/bin/../lib/gcc/arm-none-eabi/10.3.1/../../../../arm-none-eabi/lib/thumb/v7e-m+fp/softfp\libnosys.a
END GROUP
START GROUP
LOAD c:/maximsdk/tools/gnutools/10.3/bin/../lib/gcc/arm-none-eabi/10.3.1/thumb/v7e-m+fp/softfp\libgcc.a
LOAD c:/maximsdk/tools/gnutools/10.3/bin/../lib/gcc/arm-none-eabi/10.3.1/../../../../arm-none-eabi/lib/thumb/v7e-m+fp/softfp\libc.a
END GROUP
LOAD c:/maximsdk/tools/gnutools/10.3/bin/../lib/gcc/arm-none-eabi/10.3.1/thumb/v7e-m+fp/softfp/crtend.o
LOAD c:/maximsdk/tools/gnutools/10.3/bin/../lib/gcc/arm-none-eabi/10.3.1/thumb/v7e-m+fp/softfp/crtn.o

.rom
 *(.rom_vector)
 *(.rom_handlers*)

.text           0x10000000    0x28f1c
                0x10000000                _text = .
 *(.isr_vector)
 .isr_vector    0x10000000      0x1e0 c:/MaximSDK/Examples/MAX78000/CNN/adult_vs_kids/adult-kids/build/startup_max78000.o
                0x10000000                __isr_vector
 EXCLUDE_FILE(*riscv.o) *(.text*)
 .text          0x100001e0       0x40 c:/maximsdk/tools/gnutools/10.3/bin/../lib/gcc/arm-none-eabi/10.3.1/thumb/v7e-m+fp/softfp/crtbegin.o
 .text.CNN_ISR  0x10000220       0x50 c:/MaximSDK/Examples/MAX78000/CNN/adult_vs_kids/adult-kids/build/cnn.o
                0x10000220                CNN_ISR
 .text.cnn_load_weights
                0x10000270       0x4c c:/MaximSDK/Examples/MAX78000/CNN/adult_vs_kids/adult-kids/build/cnn.o
                0x10000270                cnn_load_weights
 .text.cnn_load_bias
                0x100002bc       0x14 c:/MaximSDK/Examples/MAX78000/CNN/adult_vs_kids/adult-kids/build/cnn.o
                0x100002bc                cnn_load_bias
 .text.cnn_init
                0x100002d0       0x54 c:/MaximSDK/Examples/MAX78000/CNN/adult_vs_kids/adult-kids/build/cnn.o
                0x100002d0                cnn_init
 .text.cnn_configure
                0x10000324      0x7d0 c:/MaximSDK/Examples/MAX78000/CNN/adult_vs_kids/adult-kids/build/cnn.o
                0x10000324                cnn_configure
 .text.cnn_start
                0x10000af4       0x50 c:/MaximSDK/Examples/MAX78000/CNN/adult_vs_kids/adult-kids/build/cnn.o
                0x10000af4                cnn_start
 .text.cnn_unload
                0x10000b44       0x14 c:/MaximSDK/Examples/MAX78000/CNN/adult_vs_kids/adult-kids/build/cnn.o
                0x10000b44                cnn_unload
 .text.cnn_enable
                0x10000b58       0x3c c:/MaximSDK/Examples/MAX78000/CNN/adult_vs_kids/adult-kids/build/cnn.o
                0x10000b58                cnn_enable
 .text.cnn_disable
                0x10000b94       0x28 c:/MaximSDK/Examples/MAX78000/CNN/adult_vs_kids/adult-kids/build/cnn.o
                0x10000b94                cnn_disable
 .text.fail     0x10000bbc       0x10 c:/MaximSDK/Examples/MAX78000/CNN/adult_vs_kids/adult-kids/build/main.o
                0x10000bbc                fail
 .text.load_input
                0x10000bcc       0x30 c:/MaximSDK/Examples/MAX78000/CNN/adult_vs_kids/adult-kids/build/main.o
                0x10000bcc                load_input
 .text.check_output
                0x10000bfc       0x7c c:/MaximSDK/Examples/MAX78000/CNN/adult_vs_kids/adult-kids/build/main.o
                0x10000bfc                check_output
 .text.softmax_layer
                0x10000c78       0x20 c:/MaximSDK/Examples/MAX78000/CNN/adult_vs_kids/adult-kids/build/main.o
                0x10000c78                softmax_layer
 .text.startup.main
                0x10000c98      0x11c c:/MaximSDK/Examples/MAX78000/CNN/adult_vs_kids/adult-kids/build/main.o
                0x10000c98                main
 .text.softmax_q17p14_q15
                0x10000db4       0xa8 c:/MaximSDK/Examples/MAX78000/CNN/adult_vs_kids/adult-kids/build/softmax.o
                0x10000db4                softmax_q17p14_q15
 .text.mxc_assert
                0x10000e5c       0x10 c:/MaximSDK/Examples/MAX78000/CNN/adult_vs_kids/adult-kids/build/board.o
                0x10000e5c                mxc_assert
 .text.GPIO2_IRQHandler
                0x10000e6c        0x8 c:/MaximSDK/Examples/MAX78000/CNN/adult_vs_kids/adult-kids/build/board.o
                0x10000e6c                GPIO2_IRQHandler
 .text.GPIO0_IRQHandler
                0x10000e74        0x8 c:/MaximSDK/Examples/MAX78000/CNN/adult_vs_kids/adult-kids/build/board.o
                0x10000e74                GPIO0_IRQHandler
 .text.Board_Init
                0x10000e7c       0xec c:/MaximSDK/Examples/MAX78000/CNN/adult_vs_kids/adult-kids/build/board.o
                0x10000e7c                Board_Init
 .text.NMI_Handler
                0x10000f68        0x4 c:/MaximSDK/Examples/MAX78000/CNN/adult_vs_kids/adult-kids/build/board.o
                0x10000f68                NMI_Handler
 .text._close   0x10000f6c        0x8 c:/MaximSDK/Examples/MAX78000/CNN/adult_vs_kids/adult-kids/build/stdio.o
                0x10000f6c                _close
 .text._isatty  0x10000f74        0x8 c:/MaximSDK/Examples/MAX78000/CNN/adult_vs_kids/adult-kids/build/stdio.o
                0x10000f74                _isatty
 .text._lseek   0x10000f7c        0x8 c:/MaximSDK/Examples/MAX78000/CNN/adult_vs_kids/adult-kids/build/stdio.o
                0x10000f7c                _lseek
 .text._fstat   0x10000f84        0x8 c:/MaximSDK/Examples/MAX78000/CNN/adult_vs_kids/adult-kids/build/stdio.o
                0x10000f84                _fstat
 .text._read    0x10000f8c       0x50 c:/MaximSDK/Examples/MAX78000/CNN/adult_vs_kids/adult-kids/build/stdio.o
                0x10000f8c                _read
 .text._write   0x10000fdc       0x54 c:/MaximSDK/Examples/MAX78000/CNN/adult_vs_kids/adult-kids/build/stdio.o
                0x10000fdc                _write
 .text.LED_Init
                0x10001030       0x40 c:/MaximSDK/Examples/MAX78000/CNN/adult_vs_kids/adult-kids/build/led.o
                0x10001030                LED_Init
 .text.LED_On   0x10001070       0x40 c:/MaximSDK/Examples/MAX78000/CNN/adult_vs_kids/adult-kids/build/led.o
                0x10001070                LED_On
 .text.LED_Off  0x100010b0       0x40 c:/MaximSDK/Examples/MAX78000/CNN/adult_vs_kids/adult-kids/build/led.o
                0x100010b0                LED_Off
 .text.PB_Init  0x100010f0       0x68 c:/MaximSDK/Examples/MAX78000/CNN/adult_vs_kids/adult-kids/build/pb.o
                0x100010f0                PB_Init
 .text.MXC_TFT_PreInit
                0x10001158       0x78 c:/MaximSDK/Examples/MAX78000/CNN/adult_vs_kids/adult-kids/build/tft_ssd2119.o
                0x10001158                MXC_TFT_PreInit
 .text.MXC_TS_PreInit
                0x100011d0       0x44 c:/MaximSDK/Examples/MAX78000/CNN/adult_vs_kids/adult-kids/build/tsc2046.o
                0x100011d0                MXC_TS_PreInit
 .text          0x10001214      0x148 c:/MaximSDK/Examples/MAX78000/CNN/adult_vs_kids/adult-kids/build/startup_max78000.o
                0x10001214                Reset_Handler
                0x10001252                HardFault_Handler
                0x10001254                MemManage_Handler
                0x10001256                BusFault_Handler
                0x10001258                UsageFault_Handler
                0x1000125a                SVC_Handler
                0x1000125c                DebugMon_Handler
                0x1000125e                PendSV_Handler
                0x10001260                SysTick_Handler
                0x10001262                Default_Handler
                0x10001264                PF_IRQHandler
                0x10001266                WDT0_IRQHandler
                0x10001268                RSV02_IRQHandler
                0x1000126a                RTC_IRQHandler
                0x1000126c                TRNG_IRQHandler
                0x1000126e                TMR0_IRQHandler
                0x10001270                TMR1_IRQHandler
                0x10001272                TMR2_IRQHandler
                0x10001274                TMR3_IRQHandler
                0x10001276                TMR4_IRQHandler
                0x10001278                TMR5_IRQHandler
                0x1000127a                RSV11_IRQHandler
                0x1000127c                RSV12_IRQHandler
                0x1000127e                I2C0_IRQHandler
                0x10001280                UART0_IRQHandler
                0x10001282                UART1_IRQHandler
                0x10001284                SPI1_IRQHandler
                0x10001286                RSV17_IRQHandler
                0x10001288                RSV18_IRQHandler
                0x1000128a                RSV19_IRQHandler
                0x1000128c                ADC_IRQHandler
                0x1000128e                RSV21_IRQHandler
                0x10001290                RSV22_IRQHandler
                0x10001292                FLC0_IRQHandler
                0x10001296                GPIO1_IRQHandler
                0x1000129a                RSV27_IRQHandler
                0x1000129c                DMA0_IRQHandler
                0x1000129e                DMA1_IRQHandler
                0x100012a0                DMA2_IRQHandler
                0x100012a2                DMA3_IRQHandler
                0x100012a4                RSV32_IRQHandler
                0x100012a6                RSV33_IRQHandler
                0x100012a8                UART2_IRQHandler
                0x100012aa                RSV35_IRQHandler
                0x100012ac                I2C1_IRQHandler
                0x100012ae                RSV37_IRQHandler
                0x100012b0                RSV38_IRQHandler
                0x100012b2                RSV39_IRQHandler
                0x100012b4                RSV40_IRQHandler
                0x100012b6                RSV41_IRQHandler
                0x100012b8                RSV42_IRQHandler
                0x100012ba                RSV43_IRQHandler
                0x100012bc                RSV44_IRQHandler
                0x100012be                RSV45_IRQHandler
                0x100012c0                RSV46_IRQHandler
                0x100012c2                RSV47_IRQHandler
                0x100012c4                RSV48_IRQHandler
                0x100012c6                RSV49_IRQHandler
                0x100012c8                RSV50_IRQHandler
                0x100012ca                RSV51_IRQHandler
                0x100012cc                RSV52_IRQHandler
                0x100012ce                WUT_IRQHandler
                0x100012d0                GPIOWAKE_IRQHandler
                0x100012d2                RSV55_IRQHandler
                0x100012d4                SPI0_IRQHandler
                0x100012d6                WDT1_IRQHandler
                0x100012d8                RSV58_IRQHandler
                0x100012da                PT_IRQHandler
                0x100012dc                RSV60_IRQHandler
                0x100012de                RSV61_IRQHandler
                0x100012e0                I2C2_IRQHandler
                0x100012e2                RISCV_IRQHandler
                0x100012e4                RSV64_IRQHandler
                0x100012e6                RSV65_IRQHandler
                0x100012e8                RSV66_IRQHandler
                0x100012ea                OWM_IRQHandler
                0x100012ec                RSV68_IRQHandler
                0x100012ee                RSV69_IRQHandler
                0x100012f0                RSV70_IRQHandler
                0x100012f2                RSV71_IRQHandler
                0x100012f4                RSV72_IRQHandler
                0x100012f6                RSV73_IRQHandler
                0x100012f8                RSV74_IRQHandler
                0x100012fa                RSV75_IRQHandler
                0x100012fc                RSV76_IRQHandler
                0x100012fe                RSV77_IRQHandler
                0x10001300                RSV78_IRQHandler
                0x10001302                RSV79_IRQHandler
                0x10001304                RSV80_IRQHandler
                0x10001306                RSV81_IRQHandler
                0x10001308                ECC_IRQHandler
                0x1000130a                DVS_IRQHandler
                0x1000130c                SIMO_IRQHandler
                0x1000130e                RSV85_IRQHandler
                0x10001310                RSV86_IRQHandler
                0x10001312                RSV87_IRQHandler
                0x10001314                UART3_IRQHandler
                0x10001316                RSV89_IRQHandler
                0x10001318                RSV90_IRQHandler
                0x1000131a                PCIF_IRQHandler
                0x1000131c                RSV92_IRQHandler
                0x1000131e                RSV93_IRQHandler
                0x10001320                RSV94_IRQHandler
                0x10001322                RSV95_IRQHandler
                0x10001324                RSV96_IRQHandler
                0x10001326                AES_IRQHandler
                0x10001328                RSV98_IRQHandler
                0x1000132a                I2S_IRQHandler
                0x1000132c                CNN_FIFO_IRQHandler
                0x1000132e                CNN_IRQHandler
                0x10001330                RSV102_IRQHandler
                0x10001332                LPCMP_IRQHandler
 .text._sbrk    0x1000135c       0x3c c:/MaximSDK/Examples/MAX78000/CNN/adult_vs_kids/adult-kids/build/heap.o
                0x1000135c                _sbrk
 .text._getpid  0x10001398        0x8 c:/MaximSDK/Examples/MAX78000/CNN/adult_vs_kids/adult-kids/build/system_max78000.o
                0x10001398                _getpid
 .text._kill    0x100013a0        0x8 c:/MaximSDK/Examples/MAX78000/CNN/adult_vs_kids/adult-kids/build/system_max78000.o
                0x100013a0                _kill
 .text.SystemCoreClockUpdate
                0x100013a8       0x68 c:/MaximSDK/Examples/MAX78000/CNN/adult_vs_kids/adult-kids/build/system_max78000.o
                0x100013a8                SystemCoreClockUpdate
 .text.PreInit  0x10001410        0x4 c:/MaximSDK/Examples/MAX78000/CNN/adult_vs_kids/adult-kids/build/system_max78000.o
                0x10001410                PreInit
 .text.PinInit  0x10001414        0x4 c:/MaximSDK/Examples/MAX78000/CNN/adult_vs_kids/adult-kids/build/system_max78000.o
                0x10001414                PinInit
 .text.SystemInit
                0x10001418       0x3c c:/MaximSDK/Examples/MAX78000/CNN/adult_vs_kids/adult-kids/build/system_max78000.o
                0x10001418                SystemInit
 .text.MXC_DelayInit
                0x10001454       0x7c C:/MaximSDK/Libraries/PeriphDrivers/bin/MAX78000/spi-v1_softfp/libPeriphDriver_spi-v1_softfp.a(mxc_delay.o)
 .text.MXC_DelayAsync
                0x100014d0       0x3c C:/MaximSDK/Libraries/PeriphDrivers/bin/MAX78000/spi-v1_softfp/libPeriphDriver_spi-v1_softfp.a(mxc_delay.o)
                0x100014d0                MXC_DelayAsync
 .text.MXC_DelayCheck
                0x1000150c       0x70 C:/MaximSDK/Libraries/PeriphDrivers/bin/MAX78000/spi-v1_softfp/libPeriphDriver_spi-v1_softfp.a(mxc_delay.o)
                0x1000150c                MXC_DelayCheck
 .text.MXC_DelayAbort
                0x1000157c       0x34 C:/MaximSDK/Libraries/PeriphDrivers/bin/MAX78000/spi-v1_softfp/libPeriphDriver_spi-v1_softfp.a(mxc_delay.o)
                0x1000157c                MXC_DelayAbort
 .text.MXC_Delay
                0x100015b0       0x74 C:/MaximSDK/Libraries/PeriphDrivers/bin/MAX78000/spi-v1_softfp/libPeriphDriver_spi-v1_softfp.a(mxc_delay.o)
                0x100015b0                MXC_Delay
 .text.MXC_NVIC_SetVector
                0x10001624       0x50 C:/MaximSDK/Libraries/PeriphDrivers/bin/MAX78000/spi-v1_softfp/libPeriphDriver_spi-v1_softfp.a(nvic_table.o)
                0x10001624                MXC_NVIC_SetVector
 .text.MXC_SYS_ClockDisable
                0x10001674       0x44 C:/MaximSDK/Libraries/PeriphDrivers/bin/MAX78000/spi-v1_softfp/libPeriphDriver_spi-v1_softfp.a(sys_ai85.o)
                0x10001674                MXC_SYS_ClockDisable
 .text.MXC_SYS_ClockEnable
                0x100016b8       0x4c C:/MaximSDK/Libraries/PeriphDrivers/bin/MAX78000/spi-v1_softfp/libPeriphDriver_spi-v1_softfp.a(sys_ai85.o)
                0x100016b8                MXC_SYS_ClockEnable
 .text.MXC_SYS_ClockSourceEnable
                0x10001704       0xf4 C:/MaximSDK/Libraries/PeriphDrivers/bin/MAX78000/spi-v1_softfp/libPeriphDriver_spi-v1_softfp.a(sys_ai85.o)
                0x10001704                MXC_SYS_ClockSourceEnable
 .text.MXC_SYS_Clock_Select
                0x100017f8      0x194 C:/MaximSDK/Libraries/PeriphDrivers/bin/MAX78000/spi-v1_softfp/libPeriphDriver_spi-v1_softfp.a(sys_ai85.o)
                0x100017f8                MXC_SYS_Clock_Select
 .text.MXC_SYS_Reset_Periph
                0x1000198c       0x50 C:/MaximSDK/Libraries/PeriphDrivers/bin/MAX78000/spi-v1_softfp/libPeriphDriver_spi-v1_softfp.a(sys_ai85.o)
                0x1000198c                MXC_SYS_Reset_Periph
 .text.MXC_GPIO_Init
                0x100019dc       0x40 C:/MaximSDK/Libraries/PeriphDrivers/bin/MAX78000/spi-v1_softfp/libPeriphDriver_spi-v1_softfp.a(gpio_ai85.o)
                0x100019dc                MXC_GPIO_Init
 .text.MXC_GPIO_Config
                0x10001a1c      0x234 C:/MaximSDK/Libraries/PeriphDrivers/bin/MAX78000/spi-v1_softfp/libPeriphDriver_spi-v1_softfp.a(gpio_ai85.o)
                0x10001a1c                MXC_GPIO_Config
 .text.MXC_GPIO_OutSet
                0x10001c50       0x30 C:/MaximSDK/Libraries/PeriphDrivers/bin/MAX78000/spi-v1_softfp/libPeriphDriver_spi-v1_softfp.a(gpio_ai85.o)
                0x10001c50                MXC_GPIO_OutSet
 .text.MXC_GPIO_OutClr
                0x10001c80       0x34 C:/MaximSDK/Libraries/PeriphDrivers/bin/MAX78000/spi-v1_softfp/libPeriphDriver_spi-v1_softfp.a(gpio_ai85.o)
                0x10001c80                MXC_GPIO_OutClr
 .text.MXC_GPIO_Handler
                0x10001cb4        0x4 C:/MaximSDK/Libraries/PeriphDrivers/bin/MAX78000/spi-v1_softfp/libPeriphDriver_spi-v1_softfp.a(gpio_ai85.o)
                0x10001cb4                MXC_GPIO_Handler
 .text.MXC_GPIO_ClearFlags
                0x10001cb8       0x18 C:/MaximSDK/Libraries/PeriphDrivers/bin/MAX78000/spi-v1_softfp/libPeriphDriver_spi-v1_softfp.a(gpio_ai85.o)
                0x10001cb8                MXC_GPIO_ClearFlags
 .text.MXC_GPIO_GetFlags
                0x10001cd0       0x18 C:/MaximSDK/Libraries/PeriphDrivers/bin/MAX78000/spi-v1_softfp/libPeriphDriver_spi-v1_softfp.a(gpio_ai85.o)
                0x10001cd0                MXC_GPIO_GetFlags
 .text.MXC_GPIO_GetConfigLock
                0x10001ce8        0x4 C:/MaximSDK/Libraries/PeriphDrivers/bin/MAX78000/spi-v1_softfp/libPeriphDriver_spi-v1_softfp.a(gpio_ai85.o)
                0x10001ce8                MXC_GPIO_GetConfigLock
 .text.MXC_GPIO_RevA_OutSet
                0x10001cec        0x4 C:/MaximSDK/Libraries/PeriphDrivers/bin/MAX78000/spi-v1_softfp/libPeriphDriver_spi-v1_softfp.a(gpio_reva.o)
                0x10001cec                MXC_GPIO_RevA_OutSet
 .text.MXC_GPIO_RevA_OutClr
                0x10001cf0        0x4 C:/MaximSDK/Libraries/PeriphDrivers/bin/MAX78000/spi-v1_softfp/libPeriphDriver_spi-v1_softfp.a(gpio_reva.o)
                0x10001cf0                MXC_GPIO_RevA_OutClr
 .text.MXC_GPIO_RevA_ClearFlags
                0x10001cf4        0x4 C:/MaximSDK/Libraries/PeriphDrivers/bin/MAX78000/spi-v1_softfp/libPeriphDriver_spi-v1_softfp.a(gpio_reva.o)
                0x10001cf4                MXC_GPIO_RevA_ClearFlags
 .text.MXC_GPIO_RevA_GetFlags
                0x10001cf8        0x4 C:/MaximSDK/Libraries/PeriphDrivers/bin/MAX78000/spi-v1_softfp/libPeriphDriver_spi-v1_softfp.a(gpio_reva.o)
                0x10001cf8                MXC_GPIO_RevA_GetFlags
 .text.MXC_GPIO_RevA_SetVSSEL
                0x10001cfc       0x40 C:/MaximSDK/Libraries/PeriphDrivers/bin/MAX78000/spi-v1_softfp/libPeriphDriver_spi-v1_softfp.a(gpio_reva.o)
                0x10001cfc                MXC_GPIO_RevA_SetVSSEL
 .text.MXC_GPIO_RevA_SetAF
                0x10001d3c       0x7c C:/MaximSDK/Libraries/PeriphDrivers/bin/MAX78000/spi-v1_softfp/libPeriphDriver_spi-v1_softfp.a(gpio_reva.o)
                0x10001d3c                MXC_GPIO_RevA_SetAF
 .text.MXC_GPIO_RevA_SetDriveStrength
                0x10001db8       0xa0 C:/MaximSDK/Libraries/PeriphDrivers/bin/MAX78000/spi-v1_softfp/libPeriphDriver_spi-v1_softfp.a(gpio_reva.o)
                0x10001db8                MXC_GPIO_RevA_SetDriveStrength
 .text.MXC_ICC_Enable
                0x10001e58        0x4 C:/MaximSDK/Libraries/PeriphDrivers/bin/MAX78000/spi-v1_softfp/libPeriphDriver_spi-v1_softfp.a(icc_me17.o)
                0x10001e58                MXC_ICC_Enable
 .text.MXC_ICC_RevA_Enable
                0x10001e5c       0x30 C:/MaximSDK/Libraries/PeriphDrivers/bin/MAX78000/spi-v1_softfp/libPeriphDriver_spi-v1_softfp.a(icc_reva.o)
                0x10001e5c                MXC_ICC_RevA_Enable
 .text.MXC_LP_EnterSleepMode
                0x10001e8c       0x28 C:/MaximSDK/Libraries/PeriphDrivers/bin/MAX78000/spi-v1_softfp/libPeriphDriver_spi-v1_softfp.a(lp_ai85.o)
                0x10001e8c                MXC_LP_EnterSleepMode
 .text.MXC_TMR_Init
                0x10001eb4      0x314 C:/MaximSDK/Libraries/PeriphDrivers/bin/MAX78000/spi-v1_softfp/libPeriphDriver_spi-v1_softfp.a(tmr_ai85.o)
                0x10001eb4                MXC_TMR_Init
 .text.MXC_TMR_Start
                0x100021c8        0x4 C:/MaximSDK/Libraries/PeriphDrivers/bin/MAX78000/spi-v1_softfp/libPeriphDriver_spi-v1_softfp.a(tmr_ai85.o)
                0x100021c8                MXC_TMR_Start
 .text.MXC_TMR_Stop
                0x100021cc        0x4 C:/MaximSDK/Libraries/PeriphDrivers/bin/MAX78000/spi-v1_softfp/libPeriphDriver_spi-v1_softfp.a(tmr_ai85.o)
                0x100021cc                MXC_TMR_Stop
 .text.MXC_TMR_ClearFlags
                0x100021d0        0x4 C:/MaximSDK/Libraries/PeriphDrivers/bin/MAX78000/spi-v1_softfp/libPeriphDriver_spi-v1_softfp.a(tmr_ai85.o)
                0x100021d0                MXC_TMR_ClearFlags
 .text.MXC_TMR_SetCount
                0x100021d4        0x4 C:/MaximSDK/Libraries/PeriphDrivers/bin/MAX78000/spi-v1_softfp/libPeriphDriver_spi-v1_softfp.a(tmr_ai85.o)
                0x100021d4                MXC_TMR_SetCount
 .text.MXC_TMR_TO_Start
                0x100021d8        0x4 C:/MaximSDK/Libraries/PeriphDrivers/bin/MAX78000/spi-v1_softfp/libPeriphDriver_spi-v1_softfp.a(tmr_ai85.o)
                0x100021d8                MXC_TMR_TO_Start
 .text.MXC_TMR_TO_Stop
                0x100021dc        0x4 C:/MaximSDK/Libraries/PeriphDrivers/bin/MAX78000/spi-v1_softfp/libPeriphDriver_spi-v1_softfp.a(tmr_ai85.o)
                0x100021dc                MXC_TMR_TO_Stop
 .text.MXC_TMR_TO_Elapsed
                0x100021e0        0x4 C:/MaximSDK/Libraries/PeriphDrivers/bin/MAX78000/spi-v1_softfp/libPeriphDriver_spi-v1_softfp.a(tmr_ai85.o)
                0x100021e0                MXC_TMR_TO_Elapsed
 .text.MXC_TMR_SW_Start
                0x100021e4        0x4 C:/MaximSDK/Libraries/PeriphDrivers/bin/MAX78000/spi-v1_softfp/libPeriphDriver_spi-v1_softfp.a(tmr_ai85.o)
                0x100021e4                MXC_TMR_SW_Start
 .text.MXC_TMR_SW_Stop
                0x100021e8        0x4 C:/MaximSDK/Libraries/PeriphDrivers/bin/MAX78000/spi-v1_softfp/libPeriphDriver_spi-v1_softfp.a(tmr_ai85.o)
                0x100021e8                MXC_TMR_SW_Stop
 .text.MXC_TMR_GetTime
                0x100021ec        0x4 C:/MaximSDK/Libraries/PeriphDrivers/bin/MAX78000/spi-v1_softfp/libPeriphDriver_spi-v1_softfp.a(tmr_ai85.o)
                0x100021ec                MXC_TMR_GetTime
 .text.MXC_TMR_RevB_SetClockSource
                0x100021f0       0xa0 C:/MaximSDK/Libraries/PeriphDrivers/bin/MAX78000/spi-v1_softfp/libPeriphDriver_spi-v1_softfp.a(tmr_revb.o)
                0x100021f0                MXC_TMR_RevB_SetClockSource
 .text.MXC_TMR_RevB_SetClockSourceFreq
                0x10002290       0x88 C:/MaximSDK/Libraries/PeriphDrivers/bin/MAX78000/spi-v1_softfp/libPeriphDriver_spi-v1_softfp.a(tmr_revb.o)
                0x10002290                MXC_TMR_RevB_SetClockSourceFreq
 .text.MXC_TMR_RevB_GetClockSourceFreq
                0x10002318       0x80 C:/MaximSDK/Libraries/PeriphDrivers/bin/MAX78000/spi-v1_softfp/libPeriphDriver_spi-v1_softfp.a(tmr_revb.o)
                0x10002318                MXC_TMR_RevB_GetClockSourceFreq
 .text.MXC_TMR_RevB_ConfigGeneric
                0x10002398       0xc4 C:/MaximSDK/Libraries/PeriphDrivers/bin/MAX78000/spi-v1_softfp/libPeriphDriver_spi-v1_softfp.a(tmr_revb.o)
                0x10002398                MXC_TMR_RevB_ConfigGeneric
 .text.MXC_TMR_RevB_Init
                0x1000245c      0x158 C:/MaximSDK/Libraries/PeriphDrivers/bin/MAX78000/spi-v1_softfp/libPeriphDriver_spi-v1_softfp.a(tmr_revb.o)
                0x1000245c                MXC_TMR_RevB_Init
 .text.MXC_TMR_RevB_Start
                0x100025b4       0x78 C:/MaximSDK/Libraries/PeriphDrivers/bin/MAX78000/spi-v1_softfp/libPeriphDriver_spi-v1_softfp.a(tmr_revb.o)
                0x100025b4                MXC_TMR_RevB_Start
 .text.MXC_TMR_RevB_Stop
                0x1000262c       0x58 C:/MaximSDK/Libraries/PeriphDrivers/bin/MAX78000/spi-v1_softfp/libPeriphDriver_spi-v1_softfp.a(tmr_revb.o)
                0x1000262c                MXC_TMR_RevB_Stop
 .text.MXC_TMR_RevB_ClearFlags
                0x10002684       0x58 C:/MaximSDK/Libraries/PeriphDrivers/bin/MAX78000/spi-v1_softfp/libPeriphDriver_spi-v1_softfp.a(tmr_revb.o)
                0x10002684                MXC_TMR_RevB_ClearFlags
 .text.MXC_TMR_RevB_SetCount
                0x100026dc       0x5c C:/MaximSDK/Libraries/PeriphDrivers/bin/MAX78000/spi-v1_softfp/libPeriphDriver_spi-v1_softfp.a(tmr_revb.o)
                0x100026dc                MXC_TMR_RevB_SetCount
 .text.MXC_TMR_RevB_TO_Start
                0x10002738       0xe4 C:/MaximSDK/Libraries/PeriphDrivers/bin/MAX78000/spi-v1_softfp/libPeriphDriver_spi-v1_softfp.a(tmr_revb.o)
                0x10002738                MXC_TMR_RevB_TO_Start
 .text.MXC_TMR_RevB_GetTime
                0x1000281c      0x168 C:/MaximSDK/Libraries/PeriphDrivers/bin/MAX78000/spi-v1_softfp/libPeriphDriver_spi-v1_softfp.a(tmr_revb.o)
                0x1000281c                MXC_TMR_RevB_GetTime
 .text.MXC_UART_Shutdown
                0x10002984       0x70 C:/MaximSDK/Libraries/PeriphDrivers/bin/MAX78000/spi-v1_softfp/libPeriphDriver_spi-v1_softfp.a(uart_ai85.o)
                0x10002984                MXC_UART_Shutdown
 .text.MXC_UART_SetFrequency
                0x100029f4       0x90 C:/MaximSDK/Libraries/PeriphDrivers/bin/MAX78000/spi-v1_softfp/libPeriphDriver_spi-v1_softfp.a(uart_ai85.o)
                0x100029f4                MXC_UART_SetFrequency
 .text.MXC_UART_SetDataSize
                0x10002a84        0x4 C:/MaximSDK/Libraries/PeriphDrivers/bin/MAX78000/spi-v1_softfp/libPeriphDriver_spi-v1_softfp.a(uart_ai85.o)
                0x10002a84                MXC_UART_SetDataSize
 .text.MXC_UART_SetStopBits
                0x10002a88        0x4 C:/MaximSDK/Libraries/PeriphDrivers/bin/MAX78000/spi-v1_softfp/libPeriphDriver_spi-v1_softfp.a(uart_ai85.o)
                0x10002a88                MXC_UART_SetStopBits
 .text.MXC_UART_SetParity
                0x10002a8c        0x4 C:/MaximSDK/Libraries/PeriphDrivers/bin/MAX78000/spi-v1_softfp/libPeriphDriver_spi-v1_softfp.a(uart_ai85.o)
                0x10002a8c                MXC_UART_SetParity
 .text.MXC_UART_SetClockSource
                0x10002a90       0x60 C:/MaximSDK/Libraries/PeriphDrivers/bin/MAX78000/spi-v1_softfp/libPeriphDriver_spi-v1_softfp.a(uart_ai85.o)
                0x10002a90                MXC_UART_SetClockSource
 .text.MXC_UART_GetClockSource
                0x10002af0       0x4c C:/MaximSDK/Libraries/PeriphDrivers/bin/MAX78000/spi-v1_softfp/libPeriphDriver_spi-v1_softfp.a(uart_ai85.o)
                0x10002af0                MXC_UART_GetClockSource
 .text.MXC_UART_Init
                0x10002b3c       0xa0 C:/MaximSDK/Libraries/PeriphDrivers/bin/MAX78000/spi-v1_softfp/libPeriphDriver_spi-v1_softfp.a(uart_ai85.o)
                0x10002b3c                MXC_UART_Init
 .text.MXC_UART_ReadCharacterRaw
                0x10002bdc        0x4 C:/MaximSDK/Libraries/PeriphDrivers/bin/MAX78000/spi-v1_softfp/libPeriphDriver_spi-v1_softfp.a(uart_ai85.o)
                0x10002bdc                MXC_UART_ReadCharacterRaw
 .text.MXC_UART_WriteCharacterRaw
                0x10002be0        0x4 C:/MaximSDK/Libraries/PeriphDrivers/bin/MAX78000/spi-v1_softfp/libPeriphDriver_spi-v1_softfp.a(uart_ai85.o)
                0x10002be0                MXC_UART_WriteCharacterRaw
 .text.MXC_UART_ReadCharacter
                0x10002be4        0x4 C:/MaximSDK/Libraries/PeriphDrivers/bin/MAX78000/spi-v1_softfp/libPeriphDriver_spi-v1_softfp.a(uart_ai85.o)
                0x10002be4                MXC_UART_ReadCharacter
 .text.MXC_UART_WriteCharacter
                0x10002be8        0x4 C:/MaximSDK/Libraries/PeriphDrivers/bin/MAX78000/spi-v1_softfp/libPeriphDriver_spi-v1_softfp.a(uart_ai85.o)
                0x10002be8                MXC_UART_WriteCharacter
 .text.MXC_UART_GetRXFIFOAvailable
                0x10002bec        0x4 C:/MaximSDK/Libraries/PeriphDrivers/bin/MAX78000/spi-v1_softfp/libPeriphDriver_spi-v1_softfp.a(uart_ai85.o)
                0x10002bec                MXC_UART_GetRXFIFOAvailable
 .text.MXC_UART_GetTXFIFOAvailable
                0x10002bf0        0x4 C:/MaximSDK/Libraries/PeriphDrivers/bin/MAX78000/spi-v1_softfp/libPeriphDriver_spi-v1_softfp.a(uart_ai85.o)
                0x10002bf0                MXC_UART_GetTXFIFOAvailable
 .text.MXC_UART_SetRXThreshold
                0x10002bf4        0x4 C:/MaximSDK/Libraries/PeriphDrivers/bin/MAX78000/spi-v1_softfp/libPeriphDriver_spi-v1_softfp.a(uart_ai85.o)
                0x10002bf4                MXC_UART_SetRXThreshold
 .text.MXC_UART_Common_ReadCharacter
                0x10002bf8       0x18 C:/MaximSDK/Libraries/PeriphDrivers/bin/MAX78000/spi-v1_softfp/libPeriphDriver_spi-v1_softfp.a(uart_common.o)
                0x10002bf8                MXC_UART_Common_ReadCharacter
 .text.MXC_UART_Common_WriteCharacter
                0x10002c10       0x1c C:/MaximSDK/Libraries/PeriphDrivers/bin/MAX78000/spi-v1_softfp/libPeriphDriver_spi-v1_softfp.a(uart_common.o)
                0x10002c10                MXC_UART_Common_WriteCharacter
 .text.MXC_UART_RevB_Init
                0x10002c2c       0xe0 C:/MaximSDK/Libraries/PeriphDrivers/bin/MAX78000/spi-v1_softfp/libPeriphDriver_spi-v1_softfp.a(uart_revb.o)
                0x10002c2c                MXC_UART_RevB_Init
 .text.MXC_UART_RevB_SetFrequency
                0x10002d0c       0x1c C:/MaximSDK/Libraries/PeriphDrivers/bin/MAX78000/spi-v1_softfp/libPeriphDriver_spi-v1_softfp.a(uart_revb.o)
                0x10002d0c                MXC_UART_RevB_SetFrequency
 .text.MXC_UART_RevB_SetDataSize
                0x10002d28       0x20 C:/MaximSDK/Libraries/PeriphDrivers/bin/MAX78000/spi-v1_softfp/libPeriphDriver_spi-v1_softfp.a(uart_revb.o)
                0x10002d28                MXC_UART_RevB_SetDataSize
 .text.MXC_UART_RevB_SetStopBits
                0x10002d48       0x28 C:/MaximSDK/Libraries/PeriphDrivers/bin/MAX78000/spi-v1_softfp/libPeriphDriver_spi-v1_softfp.a(uart_revb.o)
                0x10002d48                MXC_UART_RevB_SetStopBits
 .text.MXC_UART_RevB_SetParity
                0x10002d70       0x94 C:/MaximSDK/Libraries/PeriphDrivers/bin/MAX78000/spi-v1_softfp/libPeriphDriver_spi-v1_softfp.a(uart_revb.o)
                0x10002d70                MXC_UART_RevB_SetParity
 .text.MXC_UART_RevB_SetClockSource
                0x10002e04       0xa8 C:/MaximSDK/Libraries/PeriphDrivers/bin/MAX78000/spi-v1_softfp/libPeriphDriver_spi-v1_softfp.a(uart_revb.o)
                0x10002e04                MXC_UART_RevB_SetClockSource
 .text.MXC_UART_RevB_GetClockSource
                0x10002eac        0x8 C:/MaximSDK/Libraries/PeriphDrivers/bin/MAX78000/spi-v1_softfp/libPeriphDriver_spi-v1_softfp.a(uart_revb.o)
                0x10002eac                MXC_UART_RevB_GetClockSource
 .text.MXC_UART_RevB_ReadCharacterRaw
                0x10002eb4       0x10 C:/MaximSDK/Libraries/PeriphDrivers/bin/MAX78000/spi-v1_softfp/libPeriphDriver_spi-v1_softfp.a(uart_revb.o)
                0x10002eb4                MXC_UART_RevB_ReadCharacterRaw
 .text.MXC_UART_RevB_WriteCharacterRaw
                0x10002ec4       0x14 C:/MaximSDK/Libraries/PeriphDrivers/bin/MAX78000/spi-v1_softfp/libPeriphDriver_spi-v1_softfp.a(uart_revb.o)
                0x10002ec4                MXC_UART_RevB_WriteCharacterRaw
 .text.MXC_UART_RevB_GetRXFIFOAvailable
                0x10002ed8        0x8 C:/MaximSDK/Libraries/PeriphDrivers/bin/MAX78000/spi-v1_softfp/libPeriphDriver_spi-v1_softfp.a(uart_revb.o)
                0x10002ed8                MXC_UART_RevB_GetRXFIFOAvailable
 .text.MXC_UART_RevB_GetTXFIFOAvailable
                0x10002ee0        0xc C:/MaximSDK/Libraries/PeriphDrivers/bin/MAX78000/spi-v1_softfp/libPeriphDriver_spi-v1_softfp.a(uart_revb.o)
                0x10002ee0                MXC_UART_RevB_GetTXFIFOAvailable
 .text.MXC_UART_RevB_SetRXThreshold
                0x10002eec       0x1c C:/MaximSDK/Libraries/PeriphDrivers/bin/MAX78000/spi-v1_softfp/libPeriphDriver_spi-v1_softfp.a(uart_revb.o)
                0x10002eec                MXC_UART_RevB_SetRXThreshold
 .text.MXC_GPIO_Common_Init
                0x10002f08       0x24 C:/MaximSDK/Libraries/PeriphDrivers/bin/MAX78000/spi-v1_softfp/libPeriphDriver_spi-v1_softfp.a(gpio_common.o)
                0x10002f08                MXC_GPIO_Common_Init
 .text.MXC_GPIO_Common_Handler
                0x10002f2c       0x88 C:/MaximSDK/Libraries/PeriphDrivers/bin/MAX78000/spi-v1_softfp/libPeriphDriver_spi-v1_softfp.a(gpio_common.o)
                0x10002f2c                MXC_GPIO_Common_Handler
 .text.MXC_GPIO_Common_GetConfigLock
                0x10002fb4        0xc C:/MaximSDK/Libraries/PeriphDrivers/bin/MAX78000/spi-v1_softfp/libPeriphDriver_spi-v1_softfp.a(gpio_common.o)
                0x10002fb4                MXC_GPIO_Common_GetConfigLock
 .text.MXC_TMR_Common_TO_Stop
                0x10002fc0       0x14 C:/MaximSDK/Libraries/PeriphDrivers/bin/MAX78000/spi-v1_softfp/libPeriphDriver_spi-v1_softfp.a(tmr_common.o)
                0x10002fc0                MXC_TMR_Common_TO_Stop
 .text.MXC_TMR_Common_SW_Start
                0x10002fd4        0x8 C:/MaximSDK/Libraries/PeriphDrivers/bin/MAX78000/spi-v1_softfp/libPeriphDriver_spi-v1_softfp.a(tmr_common.o)
                0x10002fd4                MXC_TMR_Common_SW_Start
 .text.MXC_TMR_Common_SW_Stop
                0x10002fdc       0x14 C:/MaximSDK/Libraries/PeriphDrivers/bin/MAX78000/spi-v1_softfp/libPeriphDriver_spi-v1_softfp.a(tmr_common.o)
                0x10002fdc                MXC_TMR_Common_SW_Stop
 .text.MXC_TMR_Common_TO_Elapsed
                0x10002ff0       0x54 C:/MaximSDK/Libraries/PeriphDrivers/bin/MAX78000/spi-v1_softfp/libPeriphDriver_spi-v1_softfp.a(tmr_common.o)
                0x10002ff0                MXC_TMR_Common_TO_Elapsed
 .text.__errno  0x10003044        0xc c:/maximsdk/tools/gnutools/10.3/bin/../lib/gcc/arm-none-eabi/10.3.1/../../../../arm-none-eabi/lib/thumb/v7e-m+fp/softfp\libc.a(lib_a-errno.o)
                0x10003044                __errno
 .text.__libc_init_array
                0x10003050       0x48 c:/maximsdk/tools/gnutools/10.3/bin/../lib/gcc/arm-none-eabi/10.3.1/../../../../arm-none-eabi/lib/thumb/v7e-m+fp/softfp\libc.a(lib_a-init.o)
                0x10003050                __libc_init_array
 .text.malloc   0x10003098       0x10 c:/maximsdk/tools/gnutools/10.3/bin/../lib/gcc/arm-none-eabi/10.3.1/../../../../arm-none-eabi/lib/thumb/v7e-m+fp/softfp\libc.a(lib_a-malloc.o)
                0x10003098                malloc
 .text._malloc_r
                0x100030a8      0x560 c:/maximsdk/tools/gnutools/10.3/bin/../lib/gcc/arm-none-eabi/10.3.1/../../../../arm-none-eabi/lib/thumb/v7e-m+fp/softfp\libc.a(lib_a-mallocr.o)
                0x100030a8                _malloc_r
 .text          0x10003608      0x134 c:/maximsdk/tools/gnutools/10.3/bin/../lib/gcc/arm-none-eabi/10.3.1/../../../../arm-none-eabi/lib/thumb/v7e-m+fp/softfp\libc.a(lib_a-memcpy.o)
                0x10003608                memcpy
 .text.memset   0x1000373c       0xa4 c:/maximsdk/tools/gnutools/10.3/bin/../lib/gcc/arm-none-eabi/10.3.1/../../../../arm-none-eabi/lib/thumb/v7e-m+fp/softfp\libc.a(lib_a-memset.o)
                0x1000373c                memset
 .text.__malloc_lock
                0x100037e0        0xc c:/maximsdk/tools/gnutools/10.3/bin/../lib/gcc/arm-none-eabi/10.3.1/../../../../arm-none-eabi/lib/thumb/v7e-m+fp/softfp\libc.a(lib_a-mlock.o)
                0x100037e0                __malloc_lock
 .text.__malloc_unlock
                0x100037ec        0xc c:/maximsdk/tools/gnutools/10.3/bin/../lib/gcc/arm-none-eabi/10.3.1/../../../../arm-none-eabi/lib/thumb/v7e-m+fp/softfp\libc.a(lib_a-mlock.o)
                0x100037ec                __malloc_unlock
 .text.printf   0x100037f8       0x28 c:/maximsdk/tools/gnutools/10.3/bin/../lib/gcc/arm-none-eabi/10.3.1/../../../../arm-none-eabi/lib/thumb/v7e-m+fp/softfp\libc.a(lib_a-printf.o)
                0x100037f8                printf
 .text._puts_r  0x10003820       0x9c c:/maximsdk/tools/gnutools/10.3/bin/../lib/gcc/arm-none-eabi/10.3.1/../../../../arm-none-eabi/lib/thumb/v7e-m+fp/softfp\libc.a(lib_a-puts.o)
                0x10003820                _puts_r
 .text.puts     0x100038bc       0x10 c:/maximsdk/tools/gnutools/10.3/bin/../lib/gcc/arm-none-eabi/10.3.1/../../../../arm-none-eabi/lib/thumb/v7e-m+fp/softfp\libc.a(lib_a-puts.o)
                0x100038bc                puts
 .text._sbrk_r  0x100038cc       0x24 c:/maximsdk/tools/gnutools/10.3/bin/../lib/gcc/arm-none-eabi/10.3.1/../../../../arm-none-eabi/lib/thumb/v7e-m+fp/softfp\libc.a(lib_a-sbrkr.o)
                0x100038cc                _sbrk_r
 *fill*         0x100038f0       0x10 
 .text          0x10003900       0xdc c:/maximsdk/tools/gnutools/10.3/bin/../lib/gcc/arm-none-eabi/10.3.1/../../../../arm-none-eabi/lib/thumb/v7e-m+fp/softfp\libc.a(lib_a-strlen.o)
                0x10003900                strlen
 *fill*         0x100039dc        0x4 
 .text._vfprintf_r
                0x100039e0     0x1b8c c:/maximsdk/tools/gnutools/10.3/bin/../lib/gcc/arm-none-eabi/10.3.1/../../../../arm-none-eabi/lib/thumb/v7e-m+fp/softfp\libc.a(lib_a-vfprintf.o)
                0x100039e0                _vfprintf_r
 .text.__sbprintf
                0x1000556c       0x80 c:/maximsdk/tools/gnutools/10.3/bin/../lib/gcc/arm-none-eabi/10.3.1/../../../../arm-none-eabi/lib/thumb/v7e-m+fp/softfp\libc.a(lib_a-vfprintf.o)
 .text.__swsetup_r
                0x100055ec       0xd4 c:/maximsdk/tools/gnutools/10.3/bin/../lib/gcc/arm-none-eabi/10.3.1/../../../../arm-none-eabi/lib/thumb/v7e-m+fp/softfp\libc.a(lib_a-wsetup.o)
                0x100055ec                __swsetup_r
 .text.startup.register_fini
                0x100056c0       0x14 c:/maximsdk/tools/gnutools/10.3/bin/../lib/gcc/arm-none-eabi/10.3.1/../../../../arm-none-eabi/lib/thumb/v7e-m+fp/softfp\libc.a(lib_a-__call_atexit.o)
 .text.atexit   0x100056d4        0xc c:/maximsdk/tools/gnutools/10.3/bin/../lib/gcc/arm-none-eabi/10.3.1/../../../../arm-none-eabi/lib/thumb/v7e-m+fp/softfp\libc.a(lib_a-atexit.o)
                0x100056d4                atexit
 .text.quorem   0x100056e0      0x128 c:/maximsdk/tools/gnutools/10.3/bin/../lib/gcc/arm-none-eabi/10.3.1/../../../../arm-none-eabi/lib/thumb/v7e-m+fp/softfp\libc.a(lib_a-dtoa.o)
 .text._dtoa_r  0x10005808      0xf34 c:/maximsdk/tools/gnutools/10.3/bin/../lib/gcc/arm-none-eabi/10.3.1/../../../../arm-none-eabi/lib/thumb/v7e-m+fp/softfp\libc.a(lib_a-dtoa.o)
                0x10005808                _dtoa_r
 .text.__sflush_r
                0x1000673c      0x130 c:/maximsdk/tools/gnutools/10.3/bin/../lib/gcc/arm-none-eabi/10.3.1/../../../../arm-none-eabi/lib/thumb/v7e-m+fp/softfp\libc.a(lib_a-fflush.o)
                0x1000673c                __sflush_r
 .text._fflush_r
                0x1000686c       0x5c c:/maximsdk/tools/gnutools/10.3/bin/../lib/gcc/arm-none-eabi/10.3.1/../../../../arm-none-eabi/lib/thumb/v7e-m+fp/softfp\libc.a(lib_a-fflush.o)
                0x1000686c                _fflush_r
 .text._cleanup_r
                0x100068c8        0xc c:/maximsdk/tools/gnutools/10.3/bin/../lib/gcc/arm-none-eabi/10.3.1/../../../../arm-none-eabi/lib/thumb/v7e-m+fp/softfp\libc.a(lib_a-findfp.o)
                0x100068c8                _cleanup_r
 .text.__sinit  0x100068d4      0x10c c:/maximsdk/tools/gnutools/10.3/bin/../lib/gcc/arm-none-eabi/10.3.1/../../../../arm-none-eabi/lib/thumb/v7e-m+fp/softfp\libc.a(lib_a-findfp.o)
                0x100068d4                __sinit
 .text.__sfp_lock_acquire
                0x100069e0        0xc c:/maximsdk/tools/gnutools/10.3/bin/../lib/gcc/arm-none-eabi/10.3.1/../../../../arm-none-eabi/lib/thumb/v7e-m+fp/softfp\libc.a(lib_a-findfp.o)
                0x100069e0                __sfp_lock_acquire
 .text.__sfp_lock_release
                0x100069ec        0xc c:/maximsdk/tools/gnutools/10.3/bin/../lib/gcc/arm-none-eabi/10.3.1/../../../../arm-none-eabi/lib/thumb/v7e-m+fp/softfp\libc.a(lib_a-findfp.o)
                0x100069ec                __sfp_lock_release
 .text.__libc_fini_array
                0x100069f8       0x2c c:/maximsdk/tools/gnutools/10.3/bin/../lib/gcc/arm-none-eabi/10.3.1/../../../../arm-none-eabi/lib/thumb/v7e-m+fp/softfp\libc.a(lib_a-fini.o)
                0x100069f8                __libc_fini_array
 .text._malloc_trim_r
                0x10006a24       0xa0 c:/maximsdk/tools/gnutools/10.3/bin/../lib/gcc/arm-none-eabi/10.3.1/../../../../arm-none-eabi/lib/thumb/v7e-m+fp/softfp\libc.a(lib_a-freer.o)
                0x10006a24                _malloc_trim_r
 .text._free_r  0x10006ac4      0x20c c:/maximsdk/tools/gnutools/10.3/bin/../lib/gcc/arm-none-eabi/10.3.1/../../../../arm-none-eabi/lib/thumb/v7e-m+fp/softfp\libc.a(lib_a-freer.o)
                0x10006ac4                _free_r
 .text.__sfvwrite_r
                0x10006cd0      0x2f0 c:/maximsdk/tools/gnutools/10.3/bin/../lib/gcc/arm-none-eabi/10.3.1/../../../../arm-none-eabi/lib/thumb/v7e-m+fp/softfp\libc.a(lib_a-fvwrite.o)
                0x10006cd0                __sfvwrite_r
 .text._fwalk_reent
                0x10006fc0       0x48 c:/maximsdk/tools/gnutools/10.3/bin/../lib/gcc/arm-none-eabi/10.3.1/../../../../arm-none-eabi/lib/thumb/v7e-m+fp/softfp\libc.a(lib_a-fwalk.o)
                0x10006fc0                _fwalk_reent
 .text._localeconv_r
                0x10007008        0x8 c:/maximsdk/tools/gnutools/10.3/bin/../lib/gcc/arm-none-eabi/10.3.1/../../../../arm-none-eabi/lib/thumb/v7e-m+fp/softfp\libc.a(lib_a-localeconv.o)
                0x10007008                _localeconv_r
 .text.__retarget_lock_init_recursive
                0x10007010        0x4 c:/maximsdk/tools/gnutools/10.3/bin/../lib/gcc/arm-none-eabi/10.3.1/../../../../arm-none-eabi/lib/thumb/v7e-m+fp/softfp\libc.a(lib_a-lock.o)
                0x10007010                __retarget_lock_init_recursive
 .text.__retarget_lock_close_recursive
                0x10007014        0x4 c:/maximsdk/tools/gnutools/10.3/bin/../lib/gcc/arm-none-eabi/10.3.1/../../../../arm-none-eabi/lib/thumb/v7e-m+fp/softfp\libc.a(lib_a-lock.o)
                0x10007014                __retarget_lock_close_recursive
 .text.__retarget_lock_acquire_recursive
                0x10007018        0x4 c:/maximsdk/tools/gnutools/10.3/bin/../lib/gcc/arm-none-eabi/10.3.1/../../../../arm-none-eabi/lib/thumb/v7e-m+fp/softfp\libc.a(lib_a-lock.o)
                0x10007018                __retarget_lock_acquire_recursive
 .text.__retarget_lock_release_recursive
                0x1000701c        0x4 c:/maximsdk/tools/gnutools/10.3/bin/../lib/gcc/arm-none-eabi/10.3.1/../../../../arm-none-eabi/lib/thumb/v7e-m+fp/softfp\libc.a(lib_a-lock.o)
                0x1000701c                __retarget_lock_release_recursive
 .text.__smakebuf_r
                0x10007020       0xe0 c:/maximsdk/tools/gnutools/10.3/bin/../lib/gcc/arm-none-eabi/10.3.1/../../../../arm-none-eabi/lib/thumb/v7e-m+fp/softfp\libc.a(lib_a-makebuf.o)
                0x10007020                __smakebuf_r
 .text          0x10007100       0xa0 c:/maximsdk/tools/gnutools/10.3/bin/../lib/gcc/arm-none-eabi/10.3.1/../../../../arm-none-eabi/lib/thumb/v7e-m+fp/softfp\libc.a(lib_a-memchr.o)
                0x10007100                memchr
 .text.memmove  0x100071a0       0xf8 c:/maximsdk/tools/gnutools/10.3/bin/../lib/gcc/arm-none-eabi/10.3.1/../../../../arm-none-eabi/lib/thumb/v7e-m+fp/softfp\libc.a(lib_a-memmove.o)
                0x100071a0                memmove
 .text._Balloc  0x10007298       0x4c c:/maximsdk/tools/gnutools/10.3/bin/../lib/gcc/arm-none-eabi/10.3.1/../../../../arm-none-eabi/lib/thumb/v7e-m+fp/softfp\libc.a(lib_a-mprec.o)
                0x10007298                _Balloc
 .text._Bfree   0x100072e4       0x14 c:/maximsdk/tools/gnutools/10.3/bin/../lib/gcc/arm-none-eabi/10.3.1/../../../../arm-none-eabi/lib/thumb/v7e-m+fp/softfp\libc.a(lib_a-mprec.o)
                0x100072e4                _Bfree
 .text.__multadd
                0x100072f8       0xa8 c:/maximsdk/tools/gnutools/10.3/bin/../lib/gcc/arm-none-eabi/10.3.1/../../../../arm-none-eabi/lib/thumb/v7e-m+fp/softfp\libc.a(lib_a-mprec.o)
                0x100072f8                __multadd
 .text.__hi0bits
                0x100073a0       0x40 c:/maximsdk/tools/gnutools/10.3/bin/../lib/gcc/arm-none-eabi/10.3.1/../../../../arm-none-eabi/lib/thumb/v7e-m+fp/softfp\libc.a(lib_a-mprec.o)
                0x100073a0                __hi0bits
 .text.__lo0bits
                0x100073e0       0x60 c:/maximsdk/tools/gnutools/10.3/bin/../lib/gcc/arm-none-eabi/10.3.1/../../../../arm-none-eabi/lib/thumb/v7e-m+fp/softfp\libc.a(lib_a-mprec.o)
                0x100073e0                __lo0bits
 .text.__i2b    0x10007440       0x5c c:/maximsdk/tools/gnutools/10.3/bin/../lib/gcc/arm-none-eabi/10.3.1/../../../../arm-none-eabi/lib/thumb/v7e-m+fp/softfp\libc.a(lib_a-mprec.o)
                0x10007440                __i2b
 .text.__multiply
                0x1000749c      0x15c c:/maximsdk/tools/gnutools/10.3/bin/../lib/gcc/arm-none-eabi/10.3.1/../../../../arm-none-eabi/lib/thumb/v7e-m+fp/softfp\libc.a(lib_a-mprec.o)
                0x1000749c                __multiply
 .text.__pow5mult
                0x100075f8       0xc0 c:/maximsdk/tools/gnutools/10.3/bin/../lib/gcc/arm-none-eabi/10.3.1/../../../../arm-none-eabi/lib/thumb/v7e-m+fp/softfp\libc.a(lib_a-mprec.o)
                0x100075f8                __pow5mult
 .text.__lshift
                0x100076b8       0xf0 c:/maximsdk/tools/gnutools/10.3/bin/../lib/gcc/arm-none-eabi/10.3.1/../../../../arm-none-eabi/lib/thumb/v7e-m+fp/softfp\libc.a(lib_a-mprec.o)
                0x100076b8                __lshift
 .text.__mcmp   0x100077a8       0x44 c:/maximsdk/tools/gnutools/10.3/bin/../lib/gcc/arm-none-eabi/10.3.1/../../../../arm-none-eabi/lib/thumb/v7e-m+fp/softfp\libc.a(lib_a-mprec.o)
                0x100077a8                __mcmp
 .text.__mdiff  0x100077ec      0x14c c:/maximsdk/tools/gnutools/10.3/bin/../lib/gcc/arm-none-eabi/10.3.1/../../../../arm-none-eabi/lib/thumb/v7e-m+fp/softfp\libc.a(lib_a-mprec.o)
                0x100077ec                __mdiff
 .text.__d2b    0x10007938       0xc4 c:/maximsdk/tools/gnutools/10.3/bin/../lib/gcc/arm-none-eabi/10.3.1/../../../../arm-none-eabi/lib/thumb/v7e-m+fp/softfp\libc.a(lib_a-mprec.o)
                0x10007938                __d2b
 .text._realloc_r
                0x100079fc      0x3d8 c:/maximsdk/tools/gnutools/10.3/bin/../lib/gcc/arm-none-eabi/10.3.1/../../../../arm-none-eabi/lib/thumb/v7e-m+fp/softfp\libc.a(lib_a-reallocr.o)
                0x100079fc                _realloc_r
 .text.frexp    0x10007dd4       0x70 c:/maximsdk/tools/gnutools/10.3/bin/../lib/gcc/arm-none-eabi/10.3.1/../../../../arm-none-eabi/lib/thumb/v7e-m+fp/softfp\libc.a(lib_a-s_frexp.o)
                0x10007dd4                frexp
 .text.__sread  0x10007e44       0x24 c:/maximsdk/tools/gnutools/10.3/bin/../lib/gcc/arm-none-eabi/10.3.1/../../../../arm-none-eabi/lib/thumb/v7e-m+fp/softfp\libc.a(lib_a-stdio.o)
                0x10007e44                __sread
 .text.__swrite
                0x10007e68       0x40 c:/maximsdk/tools/gnutools/10.3/bin/../lib/gcc/arm-none-eabi/10.3.1/../../../../arm-none-eabi/lib/thumb/v7e-m+fp/softfp\libc.a(lib_a-stdio.o)
                0x10007e68                __swrite
 .text.__sseek  0x10007ea8       0x20 c:/maximsdk/tools/gnutools/10.3/bin/../lib/gcc/arm-none-eabi/10.3.1/../../../../arm-none-eabi/lib/thumb/v7e-m+fp/softfp\libc.a(lib_a-stdio.o)
                0x10007ea8                __sseek
 .text.__sclose
                0x10007ec8        0x8 c:/maximsdk/tools/gnutools/10.3/bin/../lib/gcc/arm-none-eabi/10.3.1/../../../../arm-none-eabi/lib/thumb/v7e-m+fp/softfp\libc.a(lib_a-stdio.o)
                0x10007ec8                __sclose
 .text.strncpy  0x10007ed0       0x64 c:/maximsdk/tools/gnutools/10.3/bin/../lib/gcc/arm-none-eabi/10.3.1/../../../../arm-none-eabi/lib/thumb/v7e-m+fp/softfp\libc.a(lib_a-strncpy.o)
                0x10007ed0                strncpy
 .text.__sprint_r.part.0
                0x10007f34       0x78 c:/maximsdk/tools/gnutools/10.3/bin/../lib/gcc/arm-none-eabi/10.3.1/../../../../arm-none-eabi/lib/thumb/v7e-m+fp/softfp\libc.a(lib_a-vfiprintf.o)
 .text.__sprint_r
                0x10007fac       0x18 c:/maximsdk/tools/gnutools/10.3/bin/../lib/gcc/arm-none-eabi/10.3.1/../../../../arm-none-eabi/lib/thumb/v7e-m+fp/softfp\libc.a(lib_a-vfiprintf.o)
                0x10007fac                __sprint_r
 .text._vfiprintf_r
                0x10007fc4      0xdfc c:/maximsdk/tools/gnutools/10.3/bin/../lib/gcc/arm-none-eabi/10.3.1/../../../../arm-none-eabi/lib/thumb/v7e-m+fp/softfp\libc.a(lib_a-vfiprintf.o)
                0x10007fc4                _vfiprintf_r
 .text.__sbprintf
                0x10008dc0       0x80 c:/maximsdk/tools/gnutools/10.3/bin/../lib/gcc/arm-none-eabi/10.3.1/../../../../arm-none-eabi/lib/thumb/v7e-m+fp/softfp\libc.a(lib_a-vfiprintf.o)
 .text._write_r
                0x10008e40       0x2c c:/maximsdk/tools/gnutools/10.3/bin/../lib/gcc/arm-none-eabi/10.3.1/../../../../arm-none-eabi/lib/thumb/v7e-m+fp/softfp\libc.a(lib_a-writer.o)
                0x10008e40                _write_r
 .text.__register_exitproc
                0x10008e6c       0x8c c:/maximsdk/tools/gnutools/10.3/bin/../lib/gcc/arm-none-eabi/10.3.1/../../../../arm-none-eabi/lib/thumb/v7e-m+fp/softfp\libc.a(lib_a-__atexit.o)
                0x10008e6c                __register_exitproc
 .text.__assert_func
                0x10008ef8       0x40 c:/maximsdk/tools/gnutools/10.3/bin/../lib/gcc/arm-none-eabi/10.3.1/../../../../arm-none-eabi/lib/thumb/v7e-m+fp/softfp\libc.a(lib_a-assert.o)
                0x10008ef8                __assert_func
 .text._calloc_r
                0x10008f38       0x78 c:/maximsdk/tools/gnutools/10.3/bin/../lib/gcc/arm-none-eabi/10.3.1/../../../../arm-none-eabi/lib/thumb/v7e-m+fp/softfp\libc.a(lib_a-callocr.o)
                0x10008f38                _calloc_r
 .text._close_r
                0x10008fb0       0x24 c:/maximsdk/tools/gnutools/10.3/bin/../lib/gcc/arm-none-eabi/10.3.1/../../../../arm-none-eabi/lib/thumb/v7e-m+fp/softfp\libc.a(lib_a-closer.o)
                0x10008fb0                _close_r
 .text._fclose_r
                0x10008fd4       0xcc c:/maximsdk/tools/gnutools/10.3/bin/../lib/gcc/arm-none-eabi/10.3.1/../../../../arm-none-eabi/lib/thumb/v7e-m+fp/softfp\libc.a(lib_a-fclose.o)
                0x10008fd4                _fclose_r
 .text.fiprintf
                0x100090a0       0x28 c:/maximsdk/tools/gnutools/10.3/bin/../lib/gcc/arm-none-eabi/10.3.1/../../../../arm-none-eabi/lib/thumb/v7e-m+fp/softfp\libc.a(lib_a-fiprintf.o)
                0x100090a0                fiprintf
 .text.__fputwc
                0x100090c8       0xa8 c:/maximsdk/tools/gnutools/10.3/bin/../lib/gcc/arm-none-eabi/10.3.1/../../../../arm-none-eabi/lib/thumb/v7e-m+fp/softfp\libc.a(lib_a-fputwc.o)
                0x100090c8                __fputwc
 .text._fputwc_r
                0x10009170       0x68 c:/maximsdk/tools/gnutools/10.3/bin/../lib/gcc/arm-none-eabi/10.3.1/../../../../arm-none-eabi/lib/thumb/v7e-m+fp/softfp\libc.a(lib_a-fputwc.o)
                0x10009170                _fputwc_r
 .text._fstat_r
                0x100091d8       0x2c c:/maximsdk/tools/gnutools/10.3/bin/../lib/gcc/arm-none-eabi/10.3.1/../../../../arm-none-eabi/lib/thumb/v7e-m+fp/softfp\libc.a(lib_a-fstatr.o)
                0x100091d8                _fstat_r
 .text._isatty_r
                0x10009204       0x24 c:/maximsdk/tools/gnutools/10.3/bin/../lib/gcc/arm-none-eabi/10.3.1/../../../../arm-none-eabi/lib/thumb/v7e-m+fp/softfp\libc.a(lib_a-isattyr.o)
                0x10009204                _isatty_r
 .text.__locale_mb_cur_max
                0x10009228        0xc c:/maximsdk/tools/gnutools/10.3/bin/../lib/gcc/arm-none-eabi/10.3.1/../../../../arm-none-eabi/lib/thumb/v7e-m+fp/softfp\libc.a(lib_a-locale.o)
                0x10009228                __locale_mb_cur_max
 .text._lseek_r
                0x10009234       0x2c c:/maximsdk/tools/gnutools/10.3/bin/../lib/gcc/arm-none-eabi/10.3.1/../../../../arm-none-eabi/lib/thumb/v7e-m+fp/softfp\libc.a(lib_a-lseekr.o)
                0x10009234                _lseek_r
 .text.__ascii_mbtowc
                0x10009260       0x2c c:/maximsdk/tools/gnutools/10.3/bin/../lib/gcc/arm-none-eabi/10.3.1/../../../../arm-none-eabi/lib/thumb/v7e-m+fp/softfp\libc.a(lib_a-mbtowc_r.o)
                0x10009260                __ascii_mbtowc
 .text._read_r  0x1000928c       0x2c c:/maximsdk/tools/gnutools/10.3/bin/../lib/gcc/arm-none-eabi/10.3.1/../../../../arm-none-eabi/lib/thumb/v7e-m+fp/softfp\libc.a(lib_a-readr.o)
                0x1000928c                _read_r
 .text.__swbuf_r
                0x100092b8       0xb0 c:/maximsdk/tools/gnutools/10.3/bin/../lib/gcc/arm-none-eabi/10.3.1/../../../../arm-none-eabi/lib/thumb/v7e-m+fp/softfp\libc.a(lib_a-wbuf.o)
                0x100092b8                __swbuf_r
 .text._wcrtomb_r
                0x10009368       0x3c c:/maximsdk/tools/gnutools/10.3/bin/../lib/gcc/arm-none-eabi/10.3.1/../../../../arm-none-eabi/lib/thumb/v7e-m+fp/softfp\libc.a(lib_a-wcrtomb.o)
                0x10009368                _wcrtomb_r
 .text.__ascii_wctomb
                0x100093a4       0x1c c:/maximsdk/tools/gnutools/10.3/bin/../lib/gcc/arm-none-eabi/10.3.1/../../../../arm-none-eabi/lib/thumb/v7e-m+fp/softfp\libc.a(lib_a-wctomb_r.o)
                0x100093a4                __ascii_wctomb
 .text.abort    0x100093c0       0x10 c:/maximsdk/tools/gnutools/10.3/bin/../lib/gcc/arm-none-eabi/10.3.1/../../../../arm-none-eabi/lib/thumb/v7e-m+fp/softfp\libc.a(lib_a-abort.o)
                0x100093c0                abort
 .text.raise    0x100093d0       0x5c c:/maximsdk/tools/gnutools/10.3/bin/../lib/gcc/arm-none-eabi/10.3.1/../../../../arm-none-eabi/lib/thumb/v7e-m+fp/softfp\libc.a(lib_a-signal.o)
                0x100093d0                raise
 .text._kill_r  0x1000942c       0x2c c:/maximsdk/tools/gnutools/10.3/bin/../lib/gcc/arm-none-eabi/10.3.1/../../../../arm-none-eabi/lib/thumb/v7e-m+fp/softfp\libc.a(lib_a-signalr.o)
                0x1000942c                _kill_r
 .text._getpid_r
                0x10009458        0x4 c:/maximsdk/tools/gnutools/10.3/bin/../lib/gcc/arm-none-eabi/10.3.1/../../../../arm-none-eabi/lib/thumb/v7e-m+fp/softfp\libc.a(lib_a-signalr.o)
                0x10009458                _getpid_r
 .text._exit    0x1000945c        0x4 c:/maximsdk/tools/gnutools/10.3/bin/../lib/gcc/arm-none-eabi/10.3.1/../../../../arm-none-eabi/lib/thumb/v7e-m+fp/softfp\libnosys.a(_exit.o)
                0x1000945c                _exit
 .text          0x10009460      0x378 c:/maximsdk/tools/gnutools/10.3/bin/../lib/gcc/arm-none-eabi/10.3.1/thumb/v7e-m+fp/softfp\libgcc.a(_arm_addsubdf3.o)
                0x10009460                __aeabi_drsub
                0x10009468                __aeabi_dsub
                0x10009468                __subdf3
                0x1000946c                __aeabi_dadd
                0x1000946c                __adddf3
                0x100096e4                __floatunsidf
                0x100096e4                __aeabi_ui2d
                0x10009704                __floatsidf
                0x10009704                __aeabi_i2d
                0x10009728                __aeabi_f2d
                0x10009728                __extendsfdf2
                0x1000976c                __floatundidf
                0x1000976c                __aeabi_ul2d
                0x1000977c                __floatdidf
                0x1000977c                __aeabi_l2d
 .text          0x100097d8      0x424 c:/maximsdk/tools/gnutools/10.3/bin/../lib/gcc/arm-none-eabi/10.3.1/thumb/v7e-m+fp/softfp\libgcc.a(_arm_muldivdf3.o)
                0x100097d8                __aeabi_dmul
                0x100097d8                __muldf3
                0x10009a2c                __divdf3
                0x10009a2c                __aeabi_ddiv
 .text          0x10009bfc      0x110 c:/maximsdk/tools/gnutools/10.3/bin/../lib/gcc/arm-none-eabi/10.3.1/thumb/v7e-m+fp/softfp\libgcc.a(_arm_cmpdf2.o)
                0x10009bfc                __gtdf2
                0x10009bfc                __gedf2
                0x10009c04                __ltdf2
                0x10009c04                __ledf2
                0x10009c0c                __nedf2
                0x10009c0c                __eqdf2
                0x10009c0c                __cmpdf2
                0x10009c88                __aeabi_cdrcmple
                0x10009c98                __aeabi_cdcmpeq
                0x10009c98                __aeabi_cdcmple
                0x10009ca8                __aeabi_dcmpeq
                0x10009cbc                __aeabi_dcmplt
                0x10009cd0                __aeabi_dcmple
                0x10009ce4                __aeabi_dcmpge
                0x10009cf8                __aeabi_dcmpgt
 .text          0x10009d0c       0x2c c:/maximsdk/tools/gnutools/10.3/bin/../lib/gcc/arm-none-eabi/10.3.1/thumb/v7e-m+fp/softfp\libgcc.a(_arm_unorddf2.o)
                0x10009d0c                __unorddf2
                0x10009d0c                __aeabi_dcmpun
 .text          0x10009d38       0x50 c:/maximsdk/tools/gnutools/10.3/bin/../lib/gcc/arm-none-eabi/10.3.1/thumb/v7e-m+fp/softfp\libgcc.a(_arm_fixdfsi.o)
                0x10009d38                __aeabi_d2iz
                0x10009d38                __fixdfsi
 .text          0x10009d88       0xa0 c:/maximsdk/tools/gnutools/10.3/bin/../lib/gcc/arm-none-eabi/10.3.1/thumb/v7e-m+fp/softfp\libgcc.a(_aeabi_ldivmod.o)
                0x10009d88                __aeabi_ldivmod
 .text          0x10009e28       0x30 c:/maximsdk/tools/gnutools/10.3/bin/../lib/gcc/arm-none-eabi/10.3.1/thumb/v7e-m+fp/softfp\libgcc.a(_aeabi_uldivmod.o)
                0x10009e28                __aeabi_uldivmod
 .text          0x10009e58      0x2d0 c:/maximsdk/tools/gnutools/10.3/bin/../lib/gcc/arm-none-eabi/10.3.1/thumb/v7e-m+fp/softfp\libgcc.a(_udivmoddi4.o)
                0x10009e58                __udivmoddi4
 .text          0x1000a128        0x4 c:/maximsdk/tools/gnutools/10.3/bin/../lib/gcc/arm-none-eabi/10.3.1/thumb/v7e-m+fp/softfp\libgcc.a(_dvmd_tls.o)
                0x1000a128                __aeabi_idiv0
                0x1000a128                __aeabi_ldiv0
 *(.rodata*)
 .rodata.kernels
                0x1000a12c     0xe534 c:/MaximSDK/Examples/MAX78000/CNN/adult_vs_kids/adult-kids/build/cnn.o
 .rodata.fail.str1.4
                0x10018660        0xf c:/MaximSDK/Examples/MAX78000/CNN/adult_vs_kids/adult-kids/build/main.o
 *fill*         0x1001866f        0x1 
 .rodata.check_output.str1.4
                0x10018670       0x48 c:/MaximSDK/Examples/MAX78000/CNN/adult_vs_kids/adult-kids/build/main.o
 .rodata.main.str1.4
                0x100186b8       0xb0 c:/MaximSDK/Examples/MAX78000/CNN/adult_vs_kids/adult-kids/build/main.o
 .rodata.input_0
                0x10018768    0x10000 c:/MaximSDK/Examples/MAX78000/CNN/adult_vs_kids/adult-kids/build/main.o
 .rodata.sample_output
                0x10028768       0x18 c:/MaximSDK/Examples/MAX78000/CNN/adult_vs_kids/adult-kids/build/main.o
 .rodata.mxc_assert.str1.4
                0x10028780       0x19 c:/MaximSDK/Examples/MAX78000/CNN/adult_vs_kids/adult-kids/build/board.o
 *fill*         0x10028799        0x3 
 .rodata.Board_Init.str1.4
                0x1002879c       0x45 c:/MaximSDK/Examples/MAX78000/CNN/adult_vs_kids/adult-kids/build/board.o
 *fill*         0x100287e1        0x3 
 .rodata        0x100287e4       0x54 c:/MaximSDK/Examples/MAX78000/CNN/adult_vs_kids/adult-kids/build/board.o
 .rodata.led_pin
                0x10028838       0x18 c:/MaximSDK/Examples/MAX78000/CNN/adult_vs_kids/adult-kids/build/board.o
                0x10028838                led_pin
 .rodata.num_leds
                0x10028850        0x4 c:/MaximSDK/Examples/MAX78000/CNN/adult_vs_kids/adult-kids/build/board.o
                0x10028850                num_leds
 .rodata.num_pbs
                0x10028854        0x4 c:/MaximSDK/Examples/MAX78000/CNN/adult_vs_kids/adult-kids/build/board.o
                0x10028854                num_pbs
 .rodata.pb_pin
                0x10028858       0x18 c:/MaximSDK/Examples/MAX78000/CNN/adult_vs_kids/adult-kids/build/board.o
                0x10028858                pb_pin
 .rodata.LED_On.str1.4
                0x10028870       0x3b c:/MaximSDK/Examples/MAX78000/CNN/adult_vs_kids/adult-kids/build/led.o
 *fill*         0x100288ab        0x1 
 .rodata.gpio_cfg_extclk
                0x100288ac        0xc C:/MaximSDK/Libraries/PeriphDrivers/bin/MAX78000/spi-v1_softfp/libPeriphDriver_spi-v1_softfp.a(pins_ai85.o)
                0x100288ac                gpio_cfg_extclk
 .rodata.gpio_cfg_tmr0
                0x100288b8        0xc C:/MaximSDK/Libraries/PeriphDrivers/bin/MAX78000/spi-v1_softfp/libPeriphDriver_spi-v1_softfp.a(pins_ai85.o)
                0x100288b8                gpio_cfg_tmr0
 .rodata.gpio_cfg_tmr0b
                0x100288c4        0xc C:/MaximSDK/Libraries/PeriphDrivers/bin/MAX78000/spi-v1_softfp/libPeriphDriver_spi-v1_softfp.a(pins_ai85.o)
                0x100288c4                gpio_cfg_tmr0b
 .rodata.gpio_cfg_tmr1
                0x100288d0        0xc C:/MaximSDK/Libraries/PeriphDrivers/bin/MAX78000/spi-v1_softfp/libPeriphDriver_spi-v1_softfp.a(pins_ai85.o)
                0x100288d0                gpio_cfg_tmr1
 .rodata.gpio_cfg_tmr1b
                0x100288dc        0xc C:/MaximSDK/Libraries/PeriphDrivers/bin/MAX78000/spi-v1_softfp/libPeriphDriver_spi-v1_softfp.a(pins_ai85.o)
                0x100288dc                gpio_cfg_tmr1b
 .rodata.gpio_cfg_tmr2
                0x100288e8        0xc C:/MaximSDK/Libraries/PeriphDrivers/bin/MAX78000/spi-v1_softfp/libPeriphDriver_spi-v1_softfp.a(pins_ai85.o)
                0x100288e8                gpio_cfg_tmr2
 .rodata.gpio_cfg_tmr2b
                0x100288f4        0xc C:/MaximSDK/Libraries/PeriphDrivers/bin/MAX78000/spi-v1_softfp/libPeriphDriver_spi-v1_softfp.a(pins_ai85.o)
                0x100288f4                gpio_cfg_tmr2b
 .rodata.gpio_cfg_tmr3
                0x10028900        0xc C:/MaximSDK/Libraries/PeriphDrivers/bin/MAX78000/spi-v1_softfp/libPeriphDriver_spi-v1_softfp.a(pins_ai85.o)
                0x10028900                gpio_cfg_tmr3
 .rodata.gpio_cfg_tmr3b
                0x1002890c        0xc C:/MaximSDK/Libraries/PeriphDrivers/bin/MAX78000/spi-v1_softfp/libPeriphDriver_spi-v1_softfp.a(pins_ai85.o)
                0x1002890c                gpio_cfg_tmr3b
 .rodata.gpio_cfg_tmr4
                0x10028918        0xc C:/MaximSDK/Libraries/PeriphDrivers/bin/MAX78000/spi-v1_softfp/libPeriphDriver_spi-v1_softfp.a(pins_ai85.o)
                0x10028918                gpio_cfg_tmr4
 .rodata.gpio_cfg_tmr5
                0x10028924        0xc C:/MaximSDK/Libraries/PeriphDrivers/bin/MAX78000/spi-v1_softfp/libPeriphDriver_spi-v1_softfp.a(pins_ai85.o)
                0x10028924                gpio_cfg_tmr5
 .rodata.gpio_cfg_uart0
                0x10028930        0xc C:/MaximSDK/Libraries/PeriphDrivers/bin/MAX78000/spi-v1_softfp/libPeriphDriver_spi-v1_softfp.a(pins_ai85.o)
                0x10028930                gpio_cfg_uart0
 .rodata.gpio_cfg_uart1
                0x1002893c        0xc C:/MaximSDK/Libraries/PeriphDrivers/bin/MAX78000/spi-v1_softfp/libPeriphDriver_spi-v1_softfp.a(pins_ai85.o)
                0x1002893c                gpio_cfg_uart1
 .rodata.gpio_cfg_uart2
                0x10028948        0xc C:/MaximSDK/Libraries/PeriphDrivers/bin/MAX78000/spi-v1_softfp/libPeriphDriver_spi-v1_softfp.a(pins_ai85.o)
                0x10028948                gpio_cfg_uart2
 .rodata.gpio_cfg_uart3
                0x10028954        0xc C:/MaximSDK/Libraries/PeriphDrivers/bin/MAX78000/spi-v1_softfp/libPeriphDriver_spi-v1_softfp.a(pins_ai85.o)
                0x10028954                gpio_cfg_uart3
 .rodata.MXC_TMR_Init.str1.4
                0x10028960       0x50 C:/MaximSDK/Libraries/PeriphDrivers/bin/MAX78000/spi-v1_softfp/libPeriphDriver_spi-v1_softfp.a(tmr_ai85.o)
 .rodata.MXC_TMR_RevB_SetClockSourceFreq.str1.4
                0x100289b0       0x43 C:/MaximSDK/Libraries/PeriphDrivers/bin/MAX78000/spi-v1_softfp/libPeriphDriver_spi-v1_softfp.a(tmr_revb.o)
                                 0x50 (size before relaxing)
 *fill*         0x100289f3        0x1 
 .rodata.MXC_UART_RevB_Init.str1.4
                0x100289f4       0x77 C:/MaximSDK/Libraries/PeriphDrivers/bin/MAX78000/spi-v1_softfp/libPeriphDriver_spi-v1_softfp.a(uart_revb.o)
 *fill*         0x10028a6b        0x1 
 .rodata.MXC_UART_RevB_SetClockSource.str1.4
                0x10028a6c       0x27 C:/MaximSDK/Libraries/PeriphDrivers/bin/MAX78000/spi-v1_softfp/libPeriphDriver_spi-v1_softfp.a(uart_revb.o)
 *fill*         0x10028a93        0x1 
 .rodata.MXC_GPIO_Common_Handler.str1.4
                0x10028a94       0x66 C:/MaximSDK/Libraries/PeriphDrivers/bin/MAX78000/spi-v1_softfp/libPeriphDriver_spi-v1_softfp.a(gpio_common.o)
 *fill*         0x10028afa        0x2 
 .rodata._global_impure_ptr
                0x10028afc        0x4 c:/maximsdk/tools/gnutools/10.3/bin/../lib/gcc/arm-none-eabi/10.3.1/../../../../arm-none-eabi/lib/thumb/v7e-m+fp/softfp\libc.a(lib_a-impure.o)
                0x10028afc                _global_impure_ptr
 .rodata._puts_r.str1.4
                0x10028b00        0x2 c:/maximsdk/tools/gnutools/10.3/bin/../lib/gcc/arm-none-eabi/10.3.1/../../../../arm-none-eabi/lib/thumb/v7e-m+fp/softfp\libc.a(lib_a-puts.o)
 *fill*         0x10028b02        0x2 
 .rodata._vfprintf_r.str1.4
                0x10028b04       0x42 c:/maximsdk/tools/gnutools/10.3/bin/../lib/gcc/arm-none-eabi/10.3.1/../../../../arm-none-eabi/lib/thumb/v7e-m+fp/softfp\libc.a(lib_a-vfprintf.o)
 *fill*         0x10028b46        0x2 
 .rodata.blanks.1
                0x10028b48       0x10 c:/maximsdk/tools/gnutools/10.3/bin/../lib/gcc/arm-none-eabi/10.3.1/../../../../arm-none-eabi/lib/thumb/v7e-m+fp/softfp\libc.a(lib_a-vfprintf.o)
 .rodata.zeroes.0
                0x10028b58       0x10 c:/maximsdk/tools/gnutools/10.3/bin/../lib/gcc/arm-none-eabi/10.3.1/../../../../arm-none-eabi/lib/thumb/v7e-m+fp/softfp\libc.a(lib_a-vfprintf.o)
 .rodata._dtoa_r.str1.4
                0x10028b68       0xa2 c:/maximsdk/tools/gnutools/10.3/bin/../lib/gcc/arm-none-eabi/10.3.1/../../../../arm-none-eabi/lib/thumb/v7e-m+fp/softfp\libc.a(lib_a-dtoa.o)
                                 0xa6 (size before relaxing)
 *fill*         0x10028c0a        0x2 
 .rodata.__multadd.str1.4
                0x10028c0c       0x7f c:/maximsdk/tools/gnutools/10.3/bin/../lib/gcc/arm-none-eabi/10.3.1/../../../../arm-none-eabi/lib/thumb/v7e-m+fp/softfp\libc.a(lib_a-mprec.o)
                                 0x93 (size before relaxing)
 *fill*         0x10028c8b        0x5 
 .rodata.__mprec_bigtens
                0x10028c90       0x28 c:/maximsdk/tools/gnutools/10.3/bin/../lib/gcc/arm-none-eabi/10.3.1/../../../../arm-none-eabi/lib/thumb/v7e-m+fp/softfp\libc.a(lib_a-mprec.o)
                0x10028c90                __mprec_bigtens
 .rodata.__mprec_tens
                0x10028cb8       0xc8 c:/maximsdk/tools/gnutools/10.3/bin/../lib/gcc/arm-none-eabi/10.3.1/../../../../arm-none-eabi/lib/thumb/v7e-m+fp/softfp\libc.a(lib_a-mprec.o)
                0x10028cb8                __mprec_tens
 .rodata.p05.0  0x10028d80        0xc c:/maximsdk/tools/gnutools/10.3/bin/../lib/gcc/arm-none-eabi/10.3.1/../../../../arm-none-eabi/lib/thumb/v7e-m+fp/softfp\libc.a(lib_a-mprec.o)
 .rodata._vfiprintf_r.str1.4
                0x10028d8c       0x2f c:/maximsdk/tools/gnutools/10.3/bin/../lib/gcc/arm-none-eabi/10.3.1/../../../../arm-none-eabi/lib/thumb/v7e-m+fp/softfp\libc.a(lib_a-vfiprintf.o)
 .rodata.blanks.1
                0x10028d8c       0x10 c:/maximsdk/tools/gnutools/10.3/bin/../lib/gcc/arm-none-eabi/10.3.1/../../../../arm-none-eabi/lib/thumb/v7e-m+fp/softfp\libc.a(lib_a-vfiprintf.o)
 .rodata.zeroes.0
                0x10028d9c       0x10 c:/maximsdk/tools/gnutools/10.3/bin/../lib/gcc/arm-none-eabi/10.3.1/../../../../arm-none-eabi/lib/thumb/v7e-m+fp/softfp\libc.a(lib_a-vfiprintf.o)
 .rodata.__assert_func.str1.4
                0x10028dac       0x3f c:/maximsdk/tools/gnutools/10.3/bin/../lib/gcc/arm-none-eabi/10.3.1/../../../../arm-none-eabi/lib/thumb/v7e-m+fp/softfp\libc.a(lib_a-assert.o)
                                 0x43 (size before relaxing)
 *fill*         0x10028deb        0x1 
 .rodata._setlocale_r.str1.4
                0x10028dec        0xa c:/maximsdk/tools/gnutools/10.3/bin/../lib/gcc/arm-none-eabi/10.3.1/../../../../arm-none-eabi/lib/thumb/v7e-m+fp/softfp\libc.a(lib_a-locale.o)
                                  0xd (size before relaxing)
 *fill*         0x10028df6        0x2 
 .rodata.str1.4
                0x10028df8        0x2 c:/maximsdk/tools/gnutools/10.3/bin/../lib/gcc/arm-none-eabi/10.3.1/../../../../arm-none-eabi/lib/thumb/v7e-m+fp/softfp\libc.a(lib_a-locale.o)
 *fill*         0x10028dfa        0x2 
 .rodata._ctype_
                0x10028dfc      0x101 c:/maximsdk/tools/gnutools/10.3/bin/../lib/gcc/arm-none-eabi/10.3.1/../../../../arm-none-eabi/lib/thumb/v7e-m+fp/softfp\libc.a(lib_a-ctype_.o)
                0x10028dfc                _ctype_
 *(.init)
 *fill*         0x10028efd        0x3 
 .init          0x10028f00        0x4 c:/maximsdk/tools/gnutools/10.3/bin/../lib/gcc/arm-none-eabi/10.3.1/thumb/v7e-m+fp/softfp/crti.o
                0x10028f00                _init
 .init          0x10028f04        0x8 c:/maximsdk/tools/gnutools/10.3/bin/../lib/gcc/arm-none-eabi/10.3.1/thumb/v7e-m+fp/softfp/crtn.o
 *(.fini)
 .fini          0x10028f0c        0x4 c:/maximsdk/tools/gnutools/10.3/bin/../lib/gcc/arm-none-eabi/10.3.1/thumb/v7e-m+fp/softfp/crti.o
                0x10028f0c                _fini
 .fini          0x10028f10        0x8 c:/maximsdk/tools/gnutools/10.3/bin/../lib/gcc/arm-none-eabi/10.3.1/thumb/v7e-m+fp/softfp/crtn.o
 *crtbegin.o(.ctors)
 *crtbegin?.o(.ctors)
 *(EXCLUDE_FILE(*crtend.o *crtend?.o) .ctors)
 *(SORT_BY_NAME(.ctors.*))
 *(.ctors)
 *crtbegin.o(.dtors)
 *crtbegin?.o(.dtors)
 *(EXCLUDE_FILE(*crtend.o *crtend?.o) .dtors)
 *(SORT_BY_NAME(.dtors.*))
 *(.dtors)
 *(.eh_frame*)
 .eh_frame      0x10028f18        0x0 c:/maximsdk/tools/gnutools/10.3/bin/../lib/gcc/arm-none-eabi/10.3.1/thumb/v7e-m+fp/softfp/crtbegin.o
 .eh_frame      0x10028f18        0x4 c:/maximsdk/tools/gnutools/10.3/bin/../lib/gcc/arm-none-eabi/10.3.1/thumb/v7e-m+fp/softfp/crtend.o
                0x10028f1c                _etext = .

.glue_7         0x10028f1c        0x0
 .glue_7        0x10028f1c        0x0 linker stubs

.glue_7t        0x10028f1c        0x0
 .glue_7t       0x10028f1c        0x0 linker stubs

.vfp11_veneer   0x10028f1c        0x0
 .vfp11_veneer  0x10028f1c        0x0 linker stubs

.v4_bx          0x10028f1c        0x0
 .v4_bx         0x10028f1c        0x0 linker stubs

.iplt           0x10028f1c        0x0
 .iplt          0x10028f1c        0x0 c:/maximsdk/tools/gnutools/10.3/bin/../lib/gcc/arm-none-eabi/10.3.1/thumb/v7e-m+fp/softfp/crtbegin.o

.ARM.extab
 *(.ARM.extab* .gnu.linkonce.armextab.*)

.bin_storage    0x10028f1c        0x0
 FILL mask 0xff
                0x10028f1c                _bin_start_ = .
 *(.bin_storage_img)
                0x10028f1c                _bin_end_ = .
                0x10028f1c                . = ALIGN (0x4)

.rom_code       0x00000000        0x0
                0x00000000                . = ALIGN (0x10)
                0x20000000                _sran_code = .
 *(.rom_code_section)
                0x20000000                _esran_code = .

.flash_code     0x10028f1c        0x4
                0x10028f20                . = ALIGN (0x10)
 *fill*         0x10028f1c        0x4 
                0x20000000                _sran_code = .
 *(.flash_code_section)
                0x20000000                _esran_code = .

.sram_code      0x20000000        0x0
                0x20000000                . = ALIGN (0x10)
                0x20000000                _sran_code = .
 *(.sram_code_section)
                0x20000000                _esran_code = .

.ARM.exidx      0x10028f20        0x8
                0x10028f20                __exidx_start = .
 *(.ARM.exidx* .gnu.linkonce.armexidx.*)
 .ARM.exidx     0x10028f20        0x8 c:/maximsdk/tools/gnutools/10.3/bin/../lib/gcc/arm-none-eabi/10.3.1/thumb/v7e-m+fp/softfp\libgcc.a(_udivmoddi4.o)
                0x10028f28                __exidx_end = .

.rel.dyn        0x10028f28        0x0
 .rel.iplt      0x10028f28        0x0 c:/maximsdk/tools/gnutools/10.3/bin/../lib/gcc/arm-none-eabi/10.3.1/thumb/v7e-m+fp/softfp/crtbegin.o

.data           0x20000000      0xa24 load address 0x10028f28
                0x20000000                _data = ALIGN (., 0x4)
 *(vtable)
 *(.data*)
 .data.ConsoleUart
                0x20000000        0x4 c:/MaximSDK/Examples/MAX78000/CNN/adult_vs_kids/adult-kids/build/board.o
                0x20000000                ConsoleUart
 .data.overflows
                0x20000004        0x4 C:/MaximSDK/Libraries/PeriphDrivers/bin/MAX78000/spi-v1_softfp/libPeriphDriver_spi-v1_softfp.a(mxc_delay.o)
 .data.states   0x20000008       0x60 C:/MaximSDK/Libraries/PeriphDrivers/bin/MAX78000/spi-v1_softfp/libPeriphDriver_spi-v1_softfp.a(uart_revb.o)
 .data._impure_ptr
                0x20000068        0x4 c:/maximsdk/tools/gnutools/10.3/bin/../lib/gcc/arm-none-eabi/10.3.1/../../../../arm-none-eabi/lib/thumb/v7e-m+fp/softfp\libc.a(lib_a-impure.o)
                0x20000068                _impure_ptr
 *fill*         0x2000006c        0x4 
 .data.impure_data
                0x20000070      0x428 c:/maximsdk/tools/gnutools/10.3/bin/../lib/gcc/arm-none-eabi/10.3.1/../../../../arm-none-eabi/lib/thumb/v7e-m+fp/softfp\libc.a(lib_a-impure.o)
 .data.__malloc_av_
                0x20000498      0x408 c:/maximsdk/tools/gnutools/10.3/bin/../lib/gcc/arm-none-eabi/10.3.1/../../../../arm-none-eabi/lib/thumb/v7e-m+fp/softfp\libc.a(lib_a-mallocr.o)
                0x20000498                __malloc_av_
 .data.__malloc_sbrk_base
                0x200008a0        0x4 c:/maximsdk/tools/gnutools/10.3/bin/../lib/gcc/arm-none-eabi/10.3.1/../../../../arm-none-eabi/lib/thumb/v7e-m+fp/softfp\libc.a(lib_a-mallocr.o)
                0x200008a0                __malloc_sbrk_base
 .data.__malloc_trim_threshold
                0x200008a4        0x4 c:/maximsdk/tools/gnutools/10.3/bin/../lib/gcc/arm-none-eabi/10.3.1/../../../../arm-none-eabi/lib/thumb/v7e-m+fp/softfp\libc.a(lib_a-mallocr.o)
                0x200008a4                __malloc_trim_threshold
 .data.__atexit_recursive_mutex
                0x200008a8        0x4 c:/maximsdk/tools/gnutools/10.3/bin/../lib/gcc/arm-none-eabi/10.3.1/../../../../arm-none-eabi/lib/thumb/v7e-m+fp/softfp\libc.a(lib_a-__call_atexit.o)
                0x200008a8                __atexit_recursive_mutex
 .data.__global_locale
                0x200008ac      0x16c c:/maximsdk/tools/gnutools/10.3/bin/../lib/gcc/arm-none-eabi/10.3.1/../../../../arm-none-eabi/lib/thumb/v7e-m+fp/softfp\libc.a(lib_a-locale.o)
                0x200008ac                __global_locale
 *(.flashprog*)
                0x20000a18                . = ALIGN (0x4)
                0x20000a18                PROVIDE (__preinit_array_start = .)
 *(.preinit_array)
                0x20000a18                PROVIDE (__preinit_array_end = .)
                0x20000a18                . = ALIGN (0x4)
                0x20000a18                PROVIDE (__init_array_start = .)
 *(SORT_BY_NAME(.init_array.*))
 .init_array.00000
                0x20000a18        0x4 c:/maximsdk/tools/gnutools/10.3/bin/../lib/gcc/arm-none-eabi/10.3.1/../../../../arm-none-eabi/lib/thumb/v7e-m+fp/softfp\libc.a(lib_a-__call_atexit.o)
 *(.init_array)
 .init_array    0x20000a1c        0x4 c:/maximsdk/tools/gnutools/10.3/bin/../lib/gcc/arm-none-eabi/10.3.1/thumb/v7e-m+fp/softfp/crtbegin.o
                0x20000a20                PROVIDE (__init_array_end = .)
                0x20000a20                . = ALIGN (0x4)
                0x20000a20                PROVIDE (__fini_array_start = .)
 *(SORT_BY_NAME(.fini_array.*))
 *(.fini_array)
 .fini_array    0x20000a20        0x4 c:/maximsdk/tools/gnutools/10.3/bin/../lib/gcc/arm-none-eabi/10.3.1/thumb/v7e-m+fp/softfp/crtbegin.o
                0x20000a24                PROVIDE (__fini_array_end = .)
                0x20000a24                _edata = ALIGN (., 0x4)
                0x10028f28                __load_data = LOADADDR (.data)

.igot.plt       0x20000a24        0x0 load address 0x1002994c
 .igot.plt      0x20000a24        0x0 c:/maximsdk/tools/gnutools/10.3/bin/../lib/gcc/arm-none-eabi/10.3.1/thumb/v7e-m+fp/softfp/crtbegin.o

.bss            0x20000c00      0x868 load address 0x1002994c
                0x20000c00                . = ALIGN (0x4)
                0x20000c00                _bss = .
 *(.bss*)
 .bss           0x20000c00       0x1c c:/maximsdk/tools/gnutools/10.3/bin/../lib/gcc/arm-none-eabi/10.3.1/thumb/v7e-m+fp/softfp/crtbegin.o
 .bss.cnn_time  0x20000c1c        0x4 c:/MaximSDK/Examples/MAX78000/CNN/adult_vs_kids/adult-kids/build/main.o
                0x20000c1c                cnn_time
 .bss.ml_data   0x20000c20        0x8 c:/MaximSDK/Examples/MAX78000/CNN/adult_vs_kids/adult-kids/build/main.o
 .bss.ml_softmax
                0x20000c28        0x4 c:/MaximSDK/Examples/MAX78000/CNN/adult_vs_kids/adult-kids/build/main.o
 .bss.g_pb_polarity
                0x20000c2c        0x4 c:/MaximSDK/Examples/MAX78000/CNN/adult_vs_kids/adult-kids/build/pb.o
 .bss.blen_pin  0x20000c30        0xc c:/MaximSDK/Examples/MAX78000/CNN/adult_vs_kids/adult-kids/build/tft_ssd2119.o
 .bss.g_spi_gpio
                0x20000c3c        0xc c:/MaximSDK/Examples/MAX78000/CNN/adult_vs_kids/adult-kids/build/tft_ssd2119.o
 .bss.reset_pin
                0x20000c48        0xc c:/MaximSDK/Examples/MAX78000/CNN/adult_vs_kids/adult-kids/build/tft_ssd2119.o
 .bss.spi       0x20000c54        0x4 c:/MaximSDK/Examples/MAX78000/CNN/adult_vs_kids/adult-kids/build/tft_ssd2119.o
 .bss.ssel      0x20000c58        0x4 c:/MaximSDK/Examples/MAX78000/CNN/adult_vs_kids/adult-kids/build/tft_ssd2119.o
 .bss.tft_spi_freq
                0x20000c5c        0x4 c:/MaximSDK/Examples/MAX78000/CNN/adult_vs_kids/adult-kids/build/tft_ssd2119.o
 .bss.busy_gpio
                0x20000c60        0xc c:/MaximSDK/Examples/MAX78000/CNN/adult_vs_kids/adult-kids/build/tsc2046.o
 .bss.int_gpio  0x20000c6c        0xc c:/MaximSDK/Examples/MAX78000/CNN/adult_vs_kids/adult-kids/build/tsc2046.o
 .bss.heap_end  0x20000c78        0x4 c:/MaximSDK/Examples/MAX78000/CNN/adult_vs_kids/adult-kids/build/heap.o
 .bss.cbFunc    0x20000c7c        0x4 C:/MaximSDK/Libraries/PeriphDrivers/bin/MAX78000/spi-v1_softfp/libPeriphDriver_spi-v1_softfp.a(mxc_delay.o)
 .bss.ctrl_save
                0x20000c80        0x4 C:/MaximSDK/Libraries/PeriphDrivers/bin/MAX78000/spi-v1_softfp/libPeriphDriver_spi-v1_softfp.a(mxc_delay.o)
 .bss.endtick   0x20000c84        0x4 C:/MaximSDK/Libraries/PeriphDrivers/bin/MAX78000/spi-v1_softfp/libPeriphDriver_spi-v1_softfp.a(mxc_delay.o)
 *fill*         0x20000c88      0x178 
 .bss.ramVectorTable
                0x20000e00      0x1e0 C:/MaximSDK/Libraries/PeriphDrivers/bin/MAX78000/spi-v1_softfp/libPeriphDriver_spi-v1_softfp.a(nvic_table.o)
 .bss.g_is_clock_locked
                0x20000fe0        0x6 C:/MaximSDK/Libraries/PeriphDrivers/bin/MAX78000/spi-v1_softfp/libPeriphDriver_spi-v1_softfp.a(tmr_revb.o)
 *fill*         0x20000fe6        0x2 
 .bss.tmr_clksrc
                0x20000fe8       0x30 C:/MaximSDK/Libraries/PeriphDrivers/bin/MAX78000/spi-v1_softfp/libPeriphDriver_spi-v1_softfp.a(tmr_revb.o)
 .bss.g_is_clock_locked
                0x20001018        0x4 C:/MaximSDK/Libraries/PeriphDrivers/bin/MAX78000/spi-v1_softfp/libPeriphDriver_spi-v1_softfp.a(uart_revb.o)
 .bss.callback  0x2000101c      0x200 C:/MaximSDK/Libraries/PeriphDrivers/bin/MAX78000/spi-v1_softfp/libPeriphDriver_spi-v1_softfp.a(gpio_common.o)
 .bss.cbparam   0x2000121c      0x200 C:/MaximSDK/Libraries/PeriphDrivers/bin/MAX78000/spi-v1_softfp/libPeriphDriver_spi-v1_softfp.a(gpio_common.o)
 .bss.cfg_lock  0x2000141c        0x1 C:/MaximSDK/Libraries/PeriphDrivers/bin/MAX78000/spi-v1_softfp/libPeriphDriver_spi-v1_softfp.a(gpio_common.o)
 .bss.initialized
                0x2000141d        0x1 C:/MaximSDK/Libraries/PeriphDrivers/bin/MAX78000/spi-v1_softfp/libPeriphDriver_spi-v1_softfp.a(gpio_common.o)
 *fill*         0x2000141e        0x2 
 .bss.__malloc_current_mallinfo
                0x20001420       0x28 c:/maximsdk/tools/gnutools/10.3/bin/../lib/gcc/arm-none-eabi/10.3.1/../../../../arm-none-eabi/lib/thumb/v7e-m+fp/softfp\libc.a(lib_a-mallocr.o)
                0x20001420                __malloc_current_mallinfo
 .bss.__malloc_max_sbrked_mem
                0x20001448        0x4 c:/maximsdk/tools/gnutools/10.3/bin/../lib/gcc/arm-none-eabi/10.3.1/../../../../arm-none-eabi/lib/thumb/v7e-m+fp/softfp\libc.a(lib_a-mallocr.o)
                0x20001448                __malloc_max_sbrked_mem
 .bss.__malloc_max_total_mem
                0x2000144c        0x4 c:/maximsdk/tools/gnutools/10.3/bin/../lib/gcc/arm-none-eabi/10.3.1/../../../../arm-none-eabi/lib/thumb/v7e-m+fp/softfp\libc.a(lib_a-mallocr.o)
                0x2000144c                __malloc_max_total_mem
 .bss.__malloc_top_pad
                0x20001450        0x4 c:/maximsdk/tools/gnutools/10.3/bin/../lib/gcc/arm-none-eabi/10.3.1/../../../../arm-none-eabi/lib/thumb/v7e-m+fp/softfp\libc.a(lib_a-mallocr.o)
                0x20001450                __malloc_top_pad
 .bss.__lock___atexit_recursive_mutex
                0x20001454        0x1 c:/maximsdk/tools/gnutools/10.3/bin/../lib/gcc/arm-none-eabi/10.3.1/../../../../arm-none-eabi/lib/thumb/v7e-m+fp/softfp\libc.a(lib_a-lock.o)
                0x20001454                __lock___atexit_recursive_mutex
 *fill*         0x20001455        0x3 
 .bss.__lock___malloc_recursive_mutex
                0x20001458        0x1 c:/maximsdk/tools/gnutools/10.3/bin/../lib/gcc/arm-none-eabi/10.3.1/../../../../arm-none-eabi/lib/thumb/v7e-m+fp/softfp\libc.a(lib_a-lock.o)
                0x20001458                __lock___malloc_recursive_mutex
 *fill*         0x20001459        0x3 
 .bss.__lock___sfp_recursive_mutex
                0x2000145c        0x1 c:/maximsdk/tools/gnutools/10.3/bin/../lib/gcc/arm-none-eabi/10.3.1/../../../../arm-none-eabi/lib/thumb/v7e-m+fp/softfp\libc.a(lib_a-lock.o)
                0x2000145c                __lock___sfp_recursive_mutex
 *fill*         0x2000145d        0x3 
 .bss.__lock___sinit_recursive_mutex
                0x20001460        0x1 c:/maximsdk/tools/gnutools/10.3/bin/../lib/gcc/arm-none-eabi/10.3.1/../../../../arm-none-eabi/lib/thumb/v7e-m+fp/softfp\libc.a(lib_a-lock.o)
                0x20001460                __lock___sinit_recursive_mutex
 *fill*         0x20001461        0x3 
 .bss.errno     0x20001464        0x4 c:/maximsdk/tools/gnutools/10.3/bin/../lib/gcc/arm-none-eabi/10.3.1/../../../../arm-none-eabi/lib/thumb/v7e-m+fp/softfp\libc.a(lib_a-reent.o)
                0x20001464                errno
 *(COMMON)
                0x20001468                _ebss = ALIGN (., 0x4)

.shared         0x20001468        0x4 load address 0x1002994c
                0x20001468                . = ALIGN (0x4)
                0x20001468                _shared = .
 *(.mailbox*)
                0x20001468                . = ALIGN (0x4)
 *(.shared*)
 .shared        0x20001468        0x4 c:/MaximSDK/Examples/MAX78000/CNN/adult_vs_kids/adult-kids/build/system_max78000.o
                0x20001468                SystemCoreClock
                0x2000146c                _eshared = ALIGN (., 0x4)
                0x1002994c                __shared_data = LOADADDR (.shared)
                0x20020000                __StackTop = (ORIGIN (SRAM) + LENGTH (SRAM))
                0x2001f000                __StackLimit = (__StackTop - SIZEOF (.stack_dummy))

.stack_dummy    0x20001470     0x1000 load address 0x10029950
 *(.stack*)
 .stack         0x20001470     0x1000 c:/MaximSDK/Examples/MAX78000/CNN/adult_vs_kids/adult-kids/build/startup_max78000.o

.heap           0x20001470      0xc00 load address 0x10029950
                0x20001470                . = ALIGN (0x4)
 *(.heap*)
 .heap          0x20001470      0xc00 c:/MaximSDK/Examples/MAX78000/CNN/adult_vs_kids/adult-kids/build/startup_max78000.o
                0x20001470                __HeapBase
                0x2001f000                __HeapLimit = ABSOLUTE (__StackLimit)
                0x20020000                PROVIDE (__stack = __StackTop)
                0x00000001                ASSERT ((__StackLimit >= _ebss), region RAM overflowed with stack)

.riscv_flash    0x10029950      0x1b0
                0x10029a00                . = ALIGN (0x100)
 *fill*         0x10029950       0xb0 
                0x10029b00                . = (. + 0x100)
 *fill*         0x10029a00      0x100 
                0x10029b00                _riscv_boot = .
 *riscv.o(.text*)
OUTPUT(c:/MaximSDK/Examples/MAX78000/CNN/adult_vs_kids/adult-kids/build/adult-kids.elf elf32-littlearm)
LOAD linker stubs

.ARM.attributes
                0x00000000       0x2e
 .ARM.attributes
                0x00000000       0x1e c:/maximsdk/tools/gnutools/10.3/bin/../lib/gcc/arm-none-eabi/10.3.1/thumb/v7e-m+fp/softfp/crti.o
 .ARM.attributes
                0x0000001e       0x32 c:/maximsdk/tools/gnutools/10.3/bin/../lib/gcc/arm-none-eabi/10.3.1/thumb/v7e-m+fp/softfp/crtbegin.o
 .ARM.attributes
                0x00000050       0x32 c:/MaximSDK/Examples/MAX78000/CNN/adult_vs_kids/adult-kids/build/cnn.o
 .ARM.attributes
                0x00000082       0x32 c:/MaximSDK/Examples/MAX78000/CNN/adult_vs_kids/adult-kids/build/main.o
 .ARM.attributes
                0x000000b4       0x32 c:/MaximSDK/Examples/MAX78000/CNN/adult_vs_kids/adult-kids/build/softmax.o
 .ARM.attributes
                0x000000e6       0x32 c:/MaximSDK/Examples/MAX78000/CNN/adult_vs_kids/adult-kids/build/board.o
 .ARM.attributes
                0x00000118       0x32 c:/MaximSDK/Examples/MAX78000/CNN/adult_vs_kids/adult-kids/build/stdio.o
 .ARM.attributes
                0x0000014a       0x32 c:/MaximSDK/Examples/MAX78000/CNN/adult_vs_kids/adult-kids/build/led.o
 .ARM.attributes
                0x0000017c       0x32 c:/MaximSDK/Examples/MAX78000/CNN/adult_vs_kids/adult-kids/build/pb.o
 .ARM.attributes
                0x000001ae       0x32 c:/MaximSDK/Examples/MAX78000/CNN/adult_vs_kids/adult-kids/build/tft_ssd2119.o
 .ARM.attributes
                0x000001e0       0x32 c:/MaximSDK/Examples/MAX78000/CNN/adult_vs_kids/adult-kids/build/tsc2046.o
 .ARM.attributes
                0x00000212       0x1b c:/MaximSDK/Examples/MAX78000/CNN/adult_vs_kids/adult-kids/build/startup_max78000.o
 .ARM.attributes
                0x0000022d       0x32 c:/MaximSDK/Examples/MAX78000/CNN/adult_vs_kids/adult-kids/build/heap.o
 .ARM.attributes
                0x0000025f       0x32 c:/MaximSDK/Examples/MAX78000/CNN/adult_vs_kids/adult-kids/build/system_max78000.o
 .ARM.attributes
                0x00000291       0x32 C:/MaximSDK/Libraries/PeriphDrivers/bin/MAX78000/spi-v1_softfp/libPeriphDriver_spi-v1_softfp.a(mxc_delay.o)
 .ARM.attributes
                0x000002c3       0x32 C:/MaximSDK/Libraries/PeriphDrivers/bin/MAX78000/spi-v1_softfp/libPeriphDriver_spi-v1_softfp.a(nvic_table.o)
 .ARM.attributes
                0x000002f5       0x32 C:/MaximSDK/Libraries/PeriphDrivers/bin/MAX78000/spi-v1_softfp/libPeriphDriver_spi-v1_softfp.a(pins_ai85.o)
 .ARM.attributes
                0x00000327       0x32 C:/MaximSDK/Libraries/PeriphDrivers/bin/MAX78000/spi-v1_softfp/libPeriphDriver_spi-v1_softfp.a(sys_ai85.o)
 .ARM.attributes
                0x00000359       0x32 C:/MaximSDK/Libraries/PeriphDrivers/bin/MAX78000/spi-v1_softfp/libPeriphDriver_spi-v1_softfp.a(gpio_ai85.o)
 .ARM.attributes
                0x0000038b       0x32 C:/MaximSDK/Libraries/PeriphDrivers/bin/MAX78000/spi-v1_softfp/libPeriphDriver_spi-v1_softfp.a(gpio_reva.o)
 .ARM.attributes
                0x000003bd       0x32 C:/MaximSDK/Libraries/PeriphDrivers/bin/MAX78000/spi-v1_softfp/libPeriphDriver_spi-v1_softfp.a(icc_me17.o)
 .ARM.attributes
                0x000003ef       0x32 C:/MaximSDK/Libraries/PeriphDrivers/bin/MAX78000/spi-v1_softfp/libPeriphDriver_spi-v1_softfp.a(icc_reva.o)
 .ARM.attributes
                0x00000421       0x32 C:/MaximSDK/Libraries/PeriphDrivers/bin/MAX78000/spi-v1_softfp/libPeriphDriver_spi-v1_softfp.a(lp_ai85.o)
 .ARM.attributes
                0x00000453       0x32 C:/MaximSDK/Libraries/PeriphDrivers/bin/MAX78000/spi-v1_softfp/libPeriphDriver_spi-v1_softfp.a(tmr_ai85.o)
 .ARM.attributes
                0x00000485       0x32 C:/MaximSDK/Libraries/PeriphDrivers/bin/MAX78000/spi-v1_softfp/libPeriphDriver_spi-v1_softfp.a(tmr_revb.o)
 .ARM.attributes
                0x000004b7       0x32 C:/MaximSDK/Libraries/PeriphDrivers/bin/MAX78000/spi-v1_softfp/libPeriphDriver_spi-v1_softfp.a(uart_ai85.o)
 .ARM.attributes
                0x000004e9       0x32 C:/MaximSDK/Libraries/PeriphDrivers/bin/MAX78000/spi-v1_softfp/libPeriphDriver_spi-v1_softfp.a(uart_common.o)
 .ARM.attributes
                0x0000051b       0x32 C:/MaximSDK/Libraries/PeriphDrivers/bin/MAX78000/spi-v1_softfp/libPeriphDriver_spi-v1_softfp.a(uart_revb.o)
 .ARM.attributes
                0x0000054d       0x32 C:/MaximSDK/Libraries/PeriphDrivers/bin/MAX78000/spi-v1_softfp/libPeriphDriver_spi-v1_softfp.a(gpio_common.o)
 .ARM.attributes
                0x0000057f       0x32 C:/MaximSDK/Libraries/PeriphDrivers/bin/MAX78000/spi-v1_softfp/libPeriphDriver_spi-v1_softfp.a(tmr_common.o)
 .ARM.attributes
                0x000005b1       0x32 c:/maximsdk/tools/gnutools/10.3/bin/../lib/gcc/arm-none-eabi/10.3.1/../../../../arm-none-eabi/lib/thumb/v7e-m+fp/softfp\libc.a(lib_a-errno.o)
 .ARM.attributes
                0x000005e3       0x32 c:/maximsdk/tools/gnutools/10.3/bin/../lib/gcc/arm-none-eabi/10.3.1/../../../../arm-none-eabi/lib/thumb/v7e-m+fp/softfp\libc.a(lib_a-impure.o)
 .ARM.attributes
                0x00000615       0x32 c:/maximsdk/tools/gnutools/10.3/bin/../lib/gcc/arm-none-eabi/10.3.1/../../../../arm-none-eabi/lib/thumb/v7e-m+fp/softfp\libc.a(lib_a-init.o)
 .ARM.attributes
                0x00000647       0x32 c:/maximsdk/tools/gnutools/10.3/bin/../lib/gcc/arm-none-eabi/10.3.1/../../../../arm-none-eabi/lib/thumb/v7e-m+fp/softfp\libc.a(lib_a-malloc.o)
 .ARM.attributes
                0x00000679       0x32 c:/maximsdk/tools/gnutools/10.3/bin/../lib/gcc/arm-none-eabi/10.3.1/../../../../arm-none-eabi/lib/thumb/v7e-m+fp/softfp\libc.a(lib_a-mallocr.o)
 .ARM.attributes
                0x000006ab       0x1c c:/maximsdk/tools/gnutools/10.3/bin/../lib/gcc/arm-none-eabi/10.3.1/../../../../arm-none-eabi/lib/thumb/v7e-m+fp/softfp\libc.a(lib_a-memcpy.o)
 .ARM.attributes